Component: ARM Compiler 5.06 update 7 (build 960) Tool: armlink [4d3601]

==============================================================================

Section Cross References

    .\objects\main.o(i.SysTick_Handler) refers to .\objects\stm32f4xx_hal.o(i.HAL_IncTick) for HAL_IncTick
    .\objects\main.o(i.SysTick_Handler) refers to .\objects\stm32f4xx_hal_cortex.o(i.HAL_SYSTICK_IRQHandler) for HAL_SYSTICK_IRQHandler
    .\objects\main.o(i.SystemClock_Config) refers to C:\Keil_v5\ARM\ARMCC\Bin\..\lib\armlib\c_w.l(rt_memclr_w.o)(.text) for __aeabi_memclr4
    .\objects\main.o(i.SystemClock_Config) refers to .\objects\stm32f4xx_hal_rcc.o(i.HAL_RCC_OscConfig) for HAL_RCC_OscConfig
    .\objects\main.o(i.SystemClock_Config) refers to .\objects\main.o(i.Error_Handler) for Error_Handler
    .\objects\main.o(i.SystemClock_Config) refers to .\objects\stm32f4xx_hal_rcc.o(i.HAL_RCC_ClockConfig) for HAL_RCC_ClockConfig
    .\objects\main.o(i.TIM2_IRQHandler) refers to C:\Keil_v5\ARM\ARMCC\Bin\..\lib\armlib\c_w.l(_printf_percent.o)(.ARM.Collect$$_printf_percent$$00000000) for _printf_percent
    .\objects\main.o(i.TIM2_IRQHandler) refers to C:\Keil_v5\ARM\ARMCC\Bin\..\lib\armlib\c_w.l(_printf_d.o)(.ARM.Collect$$_printf_percent$$00000009) for _printf_d
    .\objects\main.o(i.TIM2_IRQHandler) refers to C:\Keil_v5\ARM\ARMCC\Bin\..\lib\armlib\c_w.l(_printf_dec.o)(.text) for _printf_int_dec
    .\objects\main.o(i.TIM2_IRQHandler) refers to C:\Keil_v5\ARM\ARMCC\Bin\..\lib\armlib\c_w.l(noretval__2sprintf.o)(.text) for __2sprintf
    .\objects\main.o(i.TIM2_IRQHandler) refers to .\objects\glcd_mcbstm32f400.o(i.GLCD_DrawString) for GLCD_DrawString
    .\objects\main.o(i.TIM2_IRQHandler) refers to .\objects\main.o(.data) for i
    .\objects\main.o(i.TIM2_IRQHandler) refers to .\objects\main.o(.bss) for sec
    .\objects\main.o(i.main) refers to .\objects\stm32f4xx_hal.o(i.HAL_Init) for HAL_Init
    .\objects\main.o(i.main) refers to .\objects\main.o(i.SystemClock_Config) for SystemClock_Config
    .\objects\main.o(i.main) refers to .\objects\glcd_mcbstm32f400.o(i.GLCD_Initialize) for GLCD_Initialize
    .\objects\main.o(i.main) refers to .\objects\glcd_mcbstm32f400.o(i.GLCD_SetBackgroundColor) for GLCD_SetBackgroundColor
    .\objects\main.o(i.main) refers to .\objects\glcd_mcbstm32f400.o(i.GLCD_SetForegroundColor) for GLCD_SetForegroundColor
    .\objects\main.o(i.main) refers to .\objects\glcd_mcbstm32f400.o(i.GLCD_ClearScreen) for GLCD_ClearScreen
    .\objects\main.o(i.main) refers to .\objects\glcd_mcbstm32f400.o(i.GLCD_SetFont) for GLCD_SetFont
    .\objects\main.o(i.main) refers to .\objects\glcd_mcbstm32f400.o(i.GLCD_DrawString) for GLCD_DrawString
    .\objects\main.o(i.main) refers to .\objects\main.o(i.TIM2_Initialize) for TIM2_Initialize
    .\objects\main.o(i.main) refers to .\objects\glcd_fonts.o(.constdata) for GLCD_Font_16x24
    .\objects\glcd_mcbstm32f400.o(i.GLCD_ClearScreen) refers to .\objects\glcd_mcbstm32f400.o(i.GLCD_SetWindow) for GLCD_SetWindow
    .\objects\glcd_mcbstm32f400.o(i.GLCD_ClearScreen) refers to .\objects\glcd_mcbstm32f400.o(i.wr_cmd) for wr_cmd
    .\objects\glcd_mcbstm32f400.o(i.GLCD_ClearScreen) refers to .\objects\glcd_mcbstm32f400.o(i.wr_dat_only) for wr_dat_only
    .\objects\glcd_mcbstm32f400.o(i.GLCD_ClearScreen) refers to .\objects\glcd_mcbstm32f400.o(.data) for background_color
    .\objects\glcd_mcbstm32f400.o(i.GLCD_DrawBargraph) refers to .\objects\glcd_mcbstm32f400.o(i.GLCD_SetWindow) for GLCD_SetWindow
    .\objects\glcd_mcbstm32f400.o(i.GLCD_DrawBargraph) refers to .\objects\glcd_mcbstm32f400.o(i.wr_cmd) for wr_cmd
    .\objects\glcd_mcbstm32f400.o(i.GLCD_DrawBargraph) refers to .\objects\glcd_mcbstm32f400.o(i.wr_dat_only) for wr_dat_only
    .\objects\glcd_mcbstm32f400.o(i.GLCD_DrawBargraph) refers to .\objects\glcd_mcbstm32f400.o(.data) for background_color
    .\objects\glcd_mcbstm32f400.o(i.GLCD_DrawBitmap) refers to .\objects\glcd_mcbstm32f400.o(i.GLCD_SetWindow) for GLCD_SetWindow
    .\objects\glcd_mcbstm32f400.o(i.GLCD_DrawBitmap) refers to .\objects\glcd_mcbstm32f400.o(i.wr_cmd) for wr_cmd
    .\objects\glcd_mcbstm32f400.o(i.GLCD_DrawBitmap) refers to .\objects\glcd_mcbstm32f400.o(i.wr_dat_only) for wr_dat_only
    .\objects\glcd_mcbstm32f400.o(i.GLCD_DrawChar) refers to .\objects\glcd_mcbstm32f400.o(i.GLCD_SetWindow) for GLCD_SetWindow
    .\objects\glcd_mcbstm32f400.o(i.GLCD_DrawChar) refers to .\objects\glcd_mcbstm32f400.o(i.wr_cmd) for wr_cmd
    .\objects\glcd_mcbstm32f400.o(i.GLCD_DrawChar) refers to .\objects\glcd_mcbstm32f400.o(i.wr_dat_only) for wr_dat_only
    .\objects\glcd_mcbstm32f400.o(i.GLCD_DrawChar) refers to .\objects\glcd_mcbstm32f400.o(.data) for active_font
    .\objects\glcd_mcbstm32f400.o(i.GLCD_DrawHLine) refers to .\objects\glcd_mcbstm32f400.o(i.GLCD_SetWindow) for GLCD_SetWindow
    .\objects\glcd_mcbstm32f400.o(i.GLCD_DrawHLine) refers to .\objects\glcd_mcbstm32f400.o(i.wr_cmd) for wr_cmd
[...]
    ../clib/angel/sys.s                      0x00000000   Number         0  C:\Keil_v5\ARM\ARMCC\Bin\..\lib\armlib\c_w.l(use_no_semi.o) ABSOLUTE
    ../clib/angel/sys.s                      0x00000000   Number         0  C:\Keil_v5\ARM\ARMCC\Bin\..\lib\armlib\c_w.l(libspace.o) ABSOLUTE
    ../clib/angel/sys.s                      0x00000000   Number         0  C:\Keil_v5\ARM\ARMCC\Bin\..\lib\armlib\c_w.l(sys_stackheap_outer.o) ABSOLUTE
    ../clib/angel/sysapp.c                   0x00000000   Number         0  C:\Keil_v5\ARM\ARMCC\Bin\..\lib\armlib\c_w.l(sys_exit.o) ABSOLUTE
    ../clib/angel/sysapp.c                   0x00000000   Number         0  C:\Keil_v5\ARM\ARMCC\Bin\..\lib\armlib\c_w.l(sys_wrch.o) ABSOLUTE
    ../clib/angel/sysapp.c                   0x00000000   Number         0  C:\Keil_v5\ARM\ARMCC\Bin\..\lib\armlib\c_w.l(sys_command.o) ABSOLUTE
    ../clib/armsys.c                         0x00000000   Number         0  C:\Keil_v5\ARM\ARMCC\Bin\..\lib\armlib\c_w.l(argv_veneer.o) ABSOLUTE
    ../clib/armsys.c                         0x00000000   Number         0  C:\Keil_v5\ARM\ARMCC\Bin\..\lib\armlib\c_w.l(no_argv.o) ABSOLUTE
    ../clib/armsys.c                         0x00000000   Number         0  C:\Keil_v5\ARM\ARMCC\Bin\..\lib\armlib\c_w.l(_get_argv_nomalloc.o) ABSOLUTE
    ../clib/armsys.c                         0x00000000   Number         0  C:\Keil_v5\ARM\ARMCC\Bin\..\lib\armlib\c_w.l(argv_veneer.o) ABSOLUTE
    ../clib/heapalloc.c                      0x00000000   Number         0  C:\Keil_v5\ARM\ARMCC\Bin\..\lib\armlib\c_w.l(hrguard.o) ABSOLUTE
    ../clib/heapaux.c                        0x00000000   Number         0  C:\Keil_v5\ARM\ARMCC\Bin\..\lib\armlib\c_w.l(heapauxi.o) ABSOLUTE
    ../clib/libinit.s                        0x00000000   Number         0  C:\Keil_v5\ARM\ARMCC\Bin\..\lib\armlib\c_w.l(libinit.o) ABSOLUTE
    ../clib/libinit.s                        0x00000000   Number         0  C:\Keil_v5\ARM\ARMCC\Bin\..\lib\armlib\c_w.l(libinit2.o) ABSOLUTE
    ../clib/libinit.s                        0x00000000   Number         0  C:\Keil_v5\ARM\ARMCC\Bin\..\lib\armlib\c_w.l(libshutdown2.o) ABSOLUTE
    ../clib/libinit.s                        0x00000000   Number         0  C:\Keil_v5\ARM\ARMCC\Bin\..\lib\armlib\c_w.l(libshutdown.o) ABSOLUTE
    ../clib/longlong.s                       0x00000000   Number         0  C:\Keil_v5\ARM\ARMCC\Bin\..\lib\armlib\c_w.l(lludivv7m.o) ABSOLUTE
    ../clib/memcpset.s                       0x00000000   Number         0  C:\Keil_v5\ARM\ARMCC\Bin\..\lib\armlib\c_w.l(rt_memclr_w.o) ABSOLUTE
    ../clib/misc.s                           0x00000000   Number         0  C:\Keil_v5\ARM\ARMCC\Bin\..\lib\armlib\c_w.l(printf_stubs.o) ABSOLUTE
    ../clib/printf.c                         0x00000000   Number         0  C:\Keil_v5\ARM\ARMCC\Bin\..\lib\armlib\c_w.l(__printf_flags_ss_wp.o) ABSOLUTE
    ../clib/printf.c                         0x00000000   Number         0  C:\Keil_v5\ARM\ARMCC\Bin\..\lib\armlib\c_w.l(__printf_ss_wp.o) ABSOLUTE
    ../clib/printf.c                         0x00000000   Number         0  C:\Keil_v5\ARM\ARMCC\Bin\..\lib\armlib\c_w.l(__printf.o) ABSOLUTE
    ../clib/printf.c                         0x00000000   Number         0  C:\Keil_v5\ARM\ARMCC\Bin\..\lib\armlib\c_w.l(_printf_dec.o) ABSOLUTE
    ../clib/printf.c                         0x00000000   Number         0  C:\Keil_v5\ARM\ARMCC\Bin\..\lib\armlib\c_w.l(__printf_flags.o) ABSOLUTE
    ../clib/printf.c                         0x00000000   Number         0  C:\Keil_v5\ARM\ARMCC\Bin\..\lib\armlib\c_w.l(__printf_ss.o) ABSOLUTE
    ../clib/printf.c                         0x00000000   Number         0  C:\Keil_v5\ARM\ARMCC\Bin\..\lib\armlib\c_w.l(__printf_flags_ss.o) ABSOLUTE
    ../clib/printf.c                         0x00000000   Number         0  C:\Keil_v5\ARM\ARMCC\Bin\..\lib\armlib\c_w.l(__printf_wp.o) ABSOLUTE
    ../clib/printf.c                         0x00000000   Number         0  C:\Keil_v5\ARM\ARMCC\Bin\..\lib\armlib\c_w.l(_printf_intcommon.o) ABSOLUTE
    ../clib/printf.c                         0x00000000   Number         0  C:\Keil_v5\ARM\ARMCC\Bin\..\lib\armlib\c_w.l(__printf_flags_wp.o) ABSOLUTE
    ../clib/printf.c                         0x00000000   Number         0  C:\Keil_v5\ARM\ARMCC\Bin\..\lib\armlib\c_w.l(_printf_char_common.o) ABSOLUTE
    ../clib/printf.c                         0x00000000   Number         0  C:\Keil_v5\ARM\ARMCC\Bin\..\lib\armlib\c_w.l(_sputc.o) ABSOLUTE
    ../clib/printf.c                         0x00000000   Number         0  C:\Keil_v5\ARM\ARMCC\Bin\..\lib\armlib\c_w.l(__printf_nopercent.o) ABSOLUTE
    ../clib/printf.c                         0x00000000   Number         0  C:\Keil_v5\ARM\ARMCC\Bin\..\lib\armlib\c_w.l(noretval__2sprintf.o) ABSOLUTE
    ../clib/printf.c                         0x00000000   Number         0  C:\Keil_v5\ARM\ARMCC\Bin\..\lib\armlib\c_w.l(__2sprintf.o) ABSOLUTE
    ../clib/printf_percent.s                 0x00000000   Number         0  C:\Keil_v5\ARM\ARMCC\Bin\..\lib\armlib\c_w.l(_printf_percent.o) ABSOLUTE
    ../clib/printf_percent.s                 0x00000000   Number         0  C:\Keil_v5\ARM\ARMCC\Bin\..\lib\armlib\c_w.l(_printf_d.o) ABSOLUTE
    ../clib/printf_percent.s                 0x00000000   Number         0  C:\Keil_v5\ARM\ARMCC\Bin\..\lib\armlib\c_w.l(_printf_percent_end.o) ABSOLUTE
    ../clib/signal.c                         0x00000000   Number         0  C:\Keil_v5\ARM\ARMCC\Bin\..\lib\armlib\c_w.l(defsig_pvfn_inner.o) ABSOLUTE
    ../clib/signal.c                         0x00000000   Number         0  C:\Keil_v5\ARM\ARMCC\Bin\..\lib\armlib\c_w.l(defsig_stak_inner.o) ABSOLUTE
    ../clib/signal.c                         0x00000000   Number         0  C:\Keil_v5\ARM\ARMCC\Bin\..\lib\armlib\c_w.l(defsig_rtmem_formal.o) ABSOLUTE
    ../clib/signal.c                         0x00000000   Number         0  C:\Keil_v5\ARM\ARMCC\Bin\..\lib\armlib\c_w.l(defsig_rtmem_outer.o) ABSOLUTE
    ../clib/signal.c                         0x00000000   Number         0  C:\Keil_v5\ARM\ARMCC\Bin\..\lib\armlib\c_w.l(defsig_exit.o) ABSOLUTE
    ../clib/signal.c                         0x00000000   Number         0  C:\Keil_v5\ARM\ARMCC\Bin\..\lib\armlib\c_w.l(defsig_fpe_inner.o) ABSOLUTE
    ../clib/signal.c                         0x00000000   Number         0  C:\Keil_v5\ARM\ARMCC\Bin\..\lib\armlib\c_w.l(defsig_rtmem_inner.o) ABSOLUTE
    ../clib/signal.c                         0x00000000   Number         0  C:\Keil_v5\ARM\ARMCC\Bin\..\lib\armlib\c_w.l(defsig_general.o) ABSOLUTE
    ../clib/signal.c                         0x00000000   Number         0  C:\Keil_v5\ARM\ARMCC\Bin\..\lib\armlib\c_w.l(defsig_other.o) ABSOLUTE
    ../clib/signal.c                         0x00000000   Number         0  C:\Keil_v5\ARM\ARMCC\Bin\..\lib\armlib\c_w.l(defsig_fpe_formal.o) ABSOLUTE
    ../clib/signal.c                         0x00000000   Number         0  C:\Keil_v5\ARM\ARMCC\Bin\..\lib\armlib\c_w.l(defsig_fpe_outer.o) ABSOLUTE
    ../clib/signal.c                         0x00000000   Number         0  C:\Keil_v5\ARM\ARMCC\Bin\..\lib\armlib\c_w.l(__raise.o) ABSOLUTE
    ../clib/signal.c                         0x00000000   Number         0  C:\Keil_v5\ARM\ARMCC\Bin\..\lib\armlib\c_w.l(defsig_segv_inner.o) ABSOLUTE
    ../clib/signal.c                         0x00000000   Number         0  C:\Keil_v5\ARM\ARMCC\Bin\..\lib\armlib\c_w.l(defsig_abrt_inner.o) ABSOLUTE
    ../clib/signal.c                         0x00000000   Number         0  C:\Keil_v5\ARM\ARMCC\Bin\..\lib\armlib\c_w.l(defsig_rtred_inner.o) ABSOLUTE
    ../clib/signal.c                         0x00000000   Number         0  C:\Keil_v5\ARM\ARMCC\Bin\..\lib\armlib\c_w.l(defsig_cppl_inner.o) ABSOLUTE
    ../clib/signal.s                         0x00000000   Number         0  C:\Keil_v5\ARM\ARMCC\Bin\..\lib\armlib\c_w.l(defsig.o) ABSOLUTE
    ../clib/stdlib.c                         0x00000000   Number         0  C:\Keil_v5\ARM\ARMCC\Bin\..\lib\armlib\c_w.l(exit.o) ABSOLUTE
    ../fplib/fpinit.s                        0x00000000   Number         0  C:\Keil_v5\ARM\ARMCC\Bin\..\lib\armlib\fz_wm.l(fpinit.o) ABSOLUTE
    C:\Users\dhritiman\AppData\Local\Arm\Packs\Keil\STM32F4xx_DFP\2.15.0\Drivers\STM32F4xx_HAL_Driver\Src\stm32f4xx_hal.c 0x00000000   Number         0  .\objects\stm32f4xx_hal.o ABSOLUTE
    C:\Users\dhritiman\AppData\Local\Arm\Packs\Keil\STM32F4xx_DFP\2.15.0\Drivers\STM32F4xx_HAL_Driver\Src\stm32f4xx_hal_cortex.c 0x00000000   Number         0  .\objects\stm32f4xx_hal_cortex.o ABSOLUTE
    C:\Users\dhritiman\AppData\Local\Arm\Packs\Keil\STM32F4xx_DFP\2.15.0\Drivers\STM32F4xx_HAL_Driver\Src\stm32f4xx_hal_dma.c 0x00000000   Number         0  .\objects\stm32f4xx_hal_dma.o ABSOLUTE
    C:\Users\dhritiman\AppData\Local\Arm\Packs\Keil\STM32F4xx_DFP\2.15.0\Drivers\STM32F4xx_HAL_Driver\Src\stm32f4xx_hal_dma_ex.c 0x00000000   Number         0  .\objects\stm32f4xx_hal_dma_ex.o ABSOLUTE
    C:\Users\dhritiman\AppData\Local\Arm\Packs\Keil\STM32F4xx_DFP\2.15.0\Drivers\STM32F4xx_HAL_Driver\Src\stm32f4xx_hal_flash.c 0x00000000   Number         0  .\objects\stm32f4xx_hal_flash.o ABSOLUTE
    C:\Users\dhritiman\AppData\Local\Arm\Packs\Keil\STM32F4xx_DFP\2.15.0\Drivers\STM32F4xx_HAL_Driver\Src\stm32f4xx_hal_flash_ex.c 0x00000000   Number         0  .\objects\stm32f4xx_hal_flash_ex.o ABSOLUTE
    C:\Users\dhritiman\AppData\Local\Arm\Packs\Keil\STM32F4xx_DFP\2.15.0\Drivers\STM32F4xx_HAL_Driver\Src\stm32f4xx_hal_gpio.c 0x00000000   Number         0  .\objects\stm32f4xx_hal_gpio.o ABSOLUTE
    C:\Users\dhritiman\AppData\Local\Arm\Packs\Keil\STM32F4xx_DFP\2.15.0\Drivers\STM32F4xx_HAL_Driver\Src\stm32f4xx_hal_pwr.c 0x00000000   Number         0  .\objects\stm32f4xx_hal_pwr.o ABSOLUTE
    C:\Users\dhritiman\AppData\Local\Arm\Packs\Keil\STM32F4xx_DFP\2.15.0\Drivers\STM32F4xx_HAL_Driver\Src\stm32f4xx_hal_pwr_ex.c 0x00000000   Number         0  .\objects\stm32f4xx_hal_pwr_ex.o ABSOLUTE
    C:\Users\dhritiman\AppData\Local\Arm\Packs\Keil\STM32F4xx_DFP\2.15.0\Drivers\STM32F4xx_HAL_Driver\Src\stm32f4xx_hal_rcc.c 0x00000000   Number         0  .\objects\stm32f4xx_hal_rcc.o ABSOLUTE
    C:\Users\dhritiman\AppData\Local\Arm\Packs\Keil\STM32F4xx_DFP\2.15.0\Drivers\STM32F4xx_HAL_Driver\Src\stm32f4xx_hal_rcc_ex.c 0x00000000   Number         0  .\objects\stm32f4xx_hal_rcc_ex.o ABSOLUTE
    C:\Users\dhritiman\AppData\Local\Arm\Packs\Keil\STM32F4xx_DFP\2.15.0\Drivers\STM32F4xx_HAL_Driver\Src\stm32f4xx_hal_rtc.c 0x00000000   Number         0  .\objects\stm32f4xx_hal_rtc.o ABSOLUTE
    C:\Users\dhritiman\AppData\Local\Arm\Packs\Keil\STM32F4xx_DFP\2.15.0\Drivers\STM32F4xx_HAL_Driver\Src\stm32f4xx_hal_rtc_ex.c 0x00000000   Number         0  .\objects\stm32f4xx_hal_rtc_ex.o ABSOLUTE
    C:\Users\dhritiman\AppData\Local\Arm\Packs\Keil\STM32F4xx_DFP\2.15.0\Drivers\STM32F4xx_HAL_Driver\Src\stm32f4xx_hal_sram.c 0x00000000   Number         0  .\objects\stm32f4xx_hal_sram.o ABSOLUTE
    C:\Users\dhritiman\AppData\Local\Arm\Packs\Keil\STM32F4xx_DFP\2.15.0\Drivers\STM32F4xx_HAL_Driver\Src\stm32f4xx_ll_fsmc.c 0x00000000   Number         0  .\objects\stm32f4xx_ll_fsmc.o ABSOLUTE
    C:\Users\dhritiman\AppData\Local\Arm\Packs\Keil\STM32F4xx_DFP\2.15.0\MDK\Boards\Keil\MCBSTM32F400\Common\GLCD_Fonts.c 0x00000000   Number         0  .\objects\glcd_fonts.o ABSOLUTE
    C:\Users\dhritiman\AppData\Local\Arm\Packs\Keil\STM32F4xx_DFP\2.15.0\MDK\Boards\Keil\MCBSTM32F400\Common\GLCD_MCBSTM32F400.c 0x00000000   Number         0  .\objects\glcd_mcbstm32f400.o ABSOLUTE
    C:\\Users\\dhritiman\\AppData\\Local\\Arm\\Packs\\Keil\\STM32F4xx_DFP\\2.15.0\\Drivers\\STM32F4xx_HAL_Driver\\Src\\stm32f4xx_hal.c 0x00000000   Number         0  .\objects\stm32f4xx_hal.o ABSOLUTE
    C:\\Users\\dhritiman\\AppData\\Local\\Arm\\Packs\\Keil\\STM32F4xx_DFP\\2.15.0\\Drivers\\STM32F4xx_HAL_Driver\\Src\\stm32f4xx_hal_cortex.c 0x00000000   Number         0  .\objects\stm32f4xx_hal_cortex.o ABSOLUTE
    C:\\Users\\dhritiman\\AppData\\Local\\Arm\\Packs\\Keil\\STM32F4xx_DFP\\2.15.0\\Drivers\\STM32F4xx_HAL_Driver\\Src\\stm32f4xx_hal_dma.c 0x00000000   Number         0  .\objects\stm32f4xx_hal_dma.o ABSOLUTE
    C:\\Users\\dhritiman\\AppData\\Local\\Arm\\Packs\\Keil\\STM32F4xx_DFP\\2.15.0\\Drivers\\STM32F4xx_HAL_Driver\\Src\\stm32f4xx_hal_dma_ex.c 0x00000000   Number         0  .\objects\stm32f4xx_hal_dma_ex.o ABSOLUTE
    C:\\Users\\dhritiman\\AppData\\Local\\Arm\\Packs\\Keil\\STM32F4xx_DFP\\2.15.0\\Drivers\\STM32F4xx_HAL_Driver\\Src\\stm32f4xx_hal_flash.c 0x00000000   Number         0  .\objects\stm32f4xx_hal_flash.o ABSOLUTE
    C:\\Users\\dhritiman\\AppData\\Local\\Arm\\Packs\\Keil\\STM32F4xx_DFP\\2.15.0\\Drivers\\STM32F4xx_HAL_Driver\\Src\\stm32f4xx_hal_flash_ex.c 0x00000000   Number         0  .\objects\stm32f4xx_hal_flash_ex.o ABSOLUTE
    C:\\Users\\dhritiman\\AppData\\Local\\Arm\\Packs\\Keil\\STM32F4xx_DFP\\2.15.0\\Drivers\\STM32F4xx_HAL_Driver\\Src\\stm32f4xx_hal_gpio.c 0x00000000   Number         0  .\objects\stm32f4xx_hal_gpio.o ABSOLUTE
    C:\\Users\\dhritiman\\AppData\\Local\\Arm\\Packs\\Keil\\STM32F4xx_DFP\\2.15.0\\Drivers\\STM32F4xx_HAL_Driver\\Src\\stm32f4xx_hal_pwr.c 0x00000000   Number         0  .\objects\stm32f4xx_hal_pwr.o ABSOLUTE
    C:\\Users\\dhritiman\\AppData\\Local\\Arm\\Packs\\Keil\\STM32F4xx_DFP\\2.15.0\\Drivers\\STM32F4xx_HAL_Driver\\Src\\stm32f4xx_hal_pwr_ex.c 0x00000000   Number         0  .\objects\stm32f4xx_hal_pwr_ex.o ABSOLUTE
    C:\\Users\\dhritiman\\AppData\\Local\\Arm\\Packs\\Keil\\STM32F4xx_DFP\\2.15.0\\Drivers\\STM32F4xx_HAL_Driver\\Src\\stm32f4xx_hal_rcc.c 0x00000000   Number         0  .\objects\stm32f4xx_hal_rcc.o ABSOLUTE
    C:\\Users\\dhritiman\\AppData\\Local\\Arm\\Packs\\Keil\\STM32F4xx_DFP\\2.15.0\\Drivers\\STM32F4xx_HAL_Driver\\Src\\stm32f4xx_hal_rcc_ex.c 0x00000000   Number         0  .\objects\stm32f4xx_hal_rcc_ex.o ABSOLUTE
    C:\\Users\\dhritiman\\AppData\\Local\\Arm\\Packs\\Keil\\STM32F4xx_DFP\\2.15.0\\Drivers\\STM32F4xx_HAL_Driver\\Src\\stm32f4xx_hal_rtc.c 0x00000000   Number         0  .\objects\stm32f4xx_hal_rtc.o ABSOLUTE
    C:\\Users\\dhritiman\\AppData\\Local\\Arm\\Packs\\Keil\\STM32F4xx_DFP\\2.15.0\\Drivers\\STM32F4xx_HAL_Driver\\Src\\stm32f4xx_hal_rtc_ex.c 0x00000000   Number         0  .\objects\stm32f4xx_hal_rtc_ex.o ABSOLUTE
    C:\\Users\\dhritiman\\AppData\\Local\\Arm\\Packs\\Keil\\STM32F4xx_DFP\\2.15.0\\Drivers\\STM32F4xx_HAL_Driver\\Src\\stm32f4xx_hal_sram.c 0x00000000   Number         0  .\objects\stm32f4xx_hal_sram.o ABSOLUTE
    C:\\Users\\dhritiman\\AppData\\Local\\Arm\\Packs\\Keil\\STM32F4xx_DFP\\2.15.0\\Drivers\\STM32F4xx_HAL_Driver\\Src\\stm32f4xx_ll_fsmc.c 0x00000000   Number         0  .\objects\stm32f4xx_ll_fsmc.o ABSOLUTE
    C:\\Users\\dhritiman\\AppData\\Local\\Arm\\Packs\\Keil\\STM32F4xx_DFP\\2.15.0\\MDK\\Boards\\Keil\\MCBSTM32F400\\Common\\GLCD_MCBSTM32F400.c 0x00000000   Number         0  .\objects\glcd_mcbstm32f400.o ABSOLUTE
    RTE\Device\STM32F407IGHx\startup_stm32f407xx.s 0x00000000   Number         0  .\objects\startup_stm32f407xx.o ABSOLUTE
    RTE\Device\STM32F407IGHx\system_stm32f4xx.c 0x00000000   Number         0  .\objects\system_stm32f4xx.o ABSOLUTE
    RTE\\Device\\STM32F407IGHx\\system_stm32f4xx.c 0x00000000   Number         0  .\objects\system_stm32f4xx.o ABSOLUTE
    dc.s                                     0x00000000   Number         0  C:\Keil_v5\ARM\ARMCC\Bin\..\lib\armlib\c_w.l(dc.o) ABSOLUTE
    main.c                                   0x00000000   Number         0  .\objects\main.o ABSOLUTE
    main.c                                   0x00000000   Number         0  .\objects\main.o ABSOLUTE
    RESET                                    0x08000000   Section      392  .\objects\startup_stm32f407xx.o(RESET)
    !!!main                                  0x08000188   Section        8  C:\Keil_v5\ARM\ARMCC\Bin\..\lib\armlib\c_w.l(__main.o)(!!!main)
    !!!scatter                               0x08000190   Section       52  C:\Keil_v5\ARM\ARMCC\Bin\..\lib\armlib\c_w.l(__scatter.o)(!!!scatter)
    !!handler_copy                           0x080001c4   Section       26  C:\Keil_v5\ARM\ARMCC\Bin\..\lib\armlib\c_w.l(__scatter_copy.o)(!!handler_copy)
    !!handler_zi                             0x080001e0   Section       28  C:\Keil_v5\ARM\ARMCC\Bin\..\lib\armlib\c_w.l(__scatter_zi.o)(!!handler_zi)
    .ARM.Collect$$_printf_percent$$00000000  0x080001fc   Section        0  C:\Keil_v5\ARM\ARMCC\Bin\..\lib\armlib\c_w.l(_printf_percent.o)(.ARM.Collect$$_printf_percent$$00000000)
    .ARM.Collect$$_printf_percent$$00000009  0x080001fc   Section        6  C:\Keil_v5\ARM\ARMCC\Bin\..\lib\armlib\c_w.l(_printf_d.o)(.ARM.Collect$$_printf_percent$$00000009)
    .ARM.Collect$$_printf_percent$$00000017  0x08000202   Section        4  C:\Keil_v5\ARM\ARMCC\Bin\..\lib\armlib\c_w.l(_printf_percent_end.o)(.ARM.Collect$$_printf_percent$$00000017)
    .ARM.Collect$$libinit$$00000000          0x08000206   Section        2  C:\Keil_v5\ARM\ARMCC\Bin\..\lib\armlib\c_w.l(libinit.o)(.ARM.Collect$$libinit$$00000000)
    .ARM.Collect$$libinit$$00000001          0x08000208   Section        4  C:\Keil_v5\ARM\ARMCC\Bin\..\lib\armlib\c_w.l(libinit2.o)(.ARM.Collect$$libinit$$00000001)
    .ARM.Collect$$libinit$$00000004          0x0800020c   Section        0  C:\Keil_v5\ARM\ARMCC\Bin\..\lib\armlib\c_w.l(libinit2.o)(.ARM.Collect$$libinit$$00000004)
    .ARM.Collect$$libinit$$0000000A          0x0800020c   Section        0  C:\Keil_v5\ARM\ARMCC\Bin\..\lib\armlib\c_w.l(libinit2.o)(.ARM.Collect$$libinit$$0000000A)
    .ARM.Collect$$libinit$$0000000C          0x0800020c   Section        0  C:\Keil_v5\ARM\ARMCC\Bin\..\lib\armlib\c_w.l(libinit2.o)(.ARM.Collect$$libinit$$0000000C)
    .ARM.Collect$$libinit$$0000000E          0x0800020c   Section        0  C:\Keil_v5\ARM\ARMCC\Bin\..\lib\armlib\c_w.l(libinit2.o)(.ARM.Collect$$libinit$$0000000E)
    .ARM.Collect$$libinit$$00000011          0x0800020c   Section        0  C:\Keil_v5\ARM\ARMCC\Bin\..\lib\armlib\c_w.l(libinit2.o)(.ARM.Collect$$libinit$$00000011)
    .ARM.Collect$$libinit$$00000013          0x0800020c   Section        0  C:\Keil_v5\ARM\ARMCC\Bin\..\lib\armlib\c_w.l(libinit2.o)(.ARM.Collect$$libinit$$00000013)
    .ARM.Collect$$libinit$$00000015          0x0800020c   Section        0  C:\Keil_v5\ARM\ARMCC\Bin\..\lib\armlib\c_w.l(libinit2.o)(.ARM.Collect$$libinit$$00000015)
    .ARM.Collect$$libinit$$00000017          0x0800020c   Section        0  C:\Keil_v5\ARM\ARMCC\Bin\..\lib\armlib\c_w.l(libinit2.o)(.ARM.Collect$$libinit$$00000017)
    .ARM.Collect$$libinit$$00000019          0x0800020c   Section        0  C:\Keil_v5\ARM\ARMCC\Bin\..\lib\armlib\c_w.l(libinit2.o)(.ARM.Collect$$libinit$$00000019)
    .ARM.Collect$$libinit$$0000001B          0x0800020c   Section        0  C:\Keil_v5\ARM\ARMCC\Bin\..\lib\armlib\c_w.l(libinit2.o)(.ARM.Collect$$libinit$$0000001B)
    .ARM.Collect$$libinit$$0000001D          0x0800020c   Section        0  C:\Keil_v5\ARM\ARMCC\Bin\..\lib\armlib\c_w.l(libinit2.o)(.ARM.Collect$$libinit$$0000001D)
    .ARM.Collect$$libinit$$0000001F          0x0800020c   Section        0  C:\Keil_v5\ARM\ARMCC\Bin\..\lib\armlib\c_w.l(libinit2.o)(.ARM.Collect$$libinit$$0000001F)
    .ARM.Collect$$libinit$$00000021          0x0800020c   Section        0  C:\Keil_v5\ARM\ARMCC\Bin\..\lib\armlib\c_w.l(libinit2.o)(.ARM.Collect$$libinit$$00000021)
    .ARM.Collect$$libinit$$00000023          0x0800020c   Section        0  C:\Keil_v5\ARM\ARMCC\Bin\..\lib\armlib\c_w.l(libinit2.o)(.ARM.Collect$$libinit$$00000023)
    .ARM.Collect$$libinit$$00000025          0x0800020c   Section        0  C:\Keil_v5\ARM\ARMCC\Bin\..\lib\armlib\c_w.l(libinit2.o)(.ARM.Collect$$libinit$$00000025)
    .ARM.Collect$$libinit$$0000002C          0x0800020c   Section        0  C:\Keil_v5\ARM\ARMCC\Bin\..\lib\armlib\c_w.l(libinit2.o)(.ARM.Collect$$libinit$$0000002C)
    .ARM.Collect$$libinit$$0000002E          0x0800020c   Section        0  C:\Keil_v5\ARM\ARMCC\Bin\..\lib\armlib\c_w.l(libinit2.o)(.ARM.Collect$$libinit$$0000002E)
    .ARM.Collect$$libinit$$00000030          0x0800020c   Section        0  C:\Keil_v5\ARM\ARMCC\Bin\..\lib\armlib\c_w.l(libinit2.o)(.ARM.Collect$$libinit$$00000030)
    .ARM.Collect$$libinit$$00000032          0x0800020c   Section        0  C:\Keil_v5\ARM\ARMCC\Bin\..\lib\armlib\c_w.l(libinit2.o)(.ARM.Collect$$libinit$$00000032)
    .ARM.Collect$$libinit$$00000033          0x0800020c   Section        2  C:\Keil_v5\ARM\ARMCC\Bin\..\lib\armlib\c_w.l(libinit2.o)(.ARM.Collect$$libinit$$00000033)
    .ARM.Collect$$libshutdown$$00000000      0x0800020e   Section        2  C:\Keil_v5\ARM\ARMCC\Bin\..\lib\armlib\c_w.l(libshutdown.o)(.ARM.Collect$$libshutdown$$00000000)
    .ARM.Collect$$libshutdown$$00000002      0x08000210   Section        0  C:\Keil_v5\ARM\ARMCC\Bin\..\lib\armlib\c_w.l(libshutdown2.o)(.ARM.Collect$$libshutdown$$00000002)
    .ARM.Collect$$libshutdown$$00000004      0x08000210   Section        0  C:\Keil_v5\ARM\ARMCC\Bin\..\lib\armlib\c_w.l(libshutdown2.o)(.ARM.Collect$$libshutdown$$00000004)
    .ARM.Collect$$libshutdown$$00000006      0x08000210   Section        0  C:\Keil_v5\ARM\ARMCC\Bin\..\lib\armlib\c_w.l(libshutdown2.o)(.ARM.Collect$$libshutdown$$00000006)
    .ARM.Collect$$libshutdown$$00000009      0x08000210   Section        0  C:\Keil_v5\ARM\ARMCC\Bin\..\lib\armlib\c_w.l(libshutdown2.o)(.ARM.Collect$$libshutdown$$00000009)
    .ARM.Collect$$libshutdown$$0000000C      0x08000210   Section        0  C:\Keil_v5\ARM\ARMCC\Bin\..\lib\armlib\c_w.l(libshutdown2.o)(.ARM.Collect$$libshutdown$$0000000C)
    .ARM.Collect$$libshutdown$$0000000E      0x08000210   Section        0  C:\Keil_v5\ARM\ARMCC\Bin\..\lib\armlib\c_w.l(libshutdown2.o)(.ARM.Collect$$libshutdown$$0000000E)
    .ARM.Collect$$libshutdown$$00000011      0x08000210   Section        0  C:\Keil_v5\ARM\ARMCC\Bin\..\lib\armlib\c_w.l(libshutdown2.o)(.ARM.Collect$$libshutdown$$00000011)
    .ARM.Collect$$libshutdown$$00000012      0x08000210   Section        2  C:\Keil_v5\ARM\ARMCC\Bin\..\lib\armlib\c_w.l(libshutdown2.o)(.ARM.Collect$$libshutdown$$00000012)
    .ARM.Collect$$rtentry$$00000000          0x08000212   Section        0  C:\Keil_v5\ARM\ARMCC\Bin\..\lib\armlib\c_w.l(__rtentry.o)(.ARM.Collect$$rtentry$$00000000)
    .ARM.Collect$$rtentry$$00000002          0x08000212   Section        0  C:\Keil_v5\ARM\ARMCC\Bin\..\lib\armlib\c_w.l(__rtentry2.o)(.ARM.Collect$$rtentry$$00000002)
    .ARM.Collect$$rtentry$$00000004          0x08000212   Section        6  C:\Keil_v5\ARM\ARMCC\Bin\..\lib\armlib\c_w.l(__rtentry4.o)(.ARM.Collect$$rtentry$$00000004)
    .ARM.Collect$$rtentry$$00000009          0x08000218   Section        0  C:\Keil_v5\ARM\ARMCC\Bin\..\lib\armlib\c_w.l(__rtentry2.o)(.ARM.Collect$$rtentry$$00000009)
    .ARM.Collect$$rtentry$$0000000A          0x08000218   Section        4  C:\Keil_v5\ARM\ARMCC\Bin\..\lib\armlib\c_w.l(__rtentry2.o)(.ARM.Collect$$rtentry$$0000000A)
    .ARM.Collect$$rtentry$$0000000C          0x0800021c   Section        0  C:\Keil_v5\ARM\ARMCC\Bin\..\lib\armlib\c_w.l(__rtentry2.o)(.ARM.Collect$$rtentry$$0000000C)
    .ARM.Collect$$rtentry$$0000000D          0x0800021c   Section        8  C:\Keil_v5\ARM\ARMCC\Bin\..\lib\armlib\c_w.l(__rtentry2.o)(.ARM.Collect$$rtentry$$0000000D)
    .ARM.Collect$$rtexit$$00000000           0x08000224   Section        2  C:\Keil_v5\ARM\ARMCC\Bin\..\lib\armlib\c_w.l(rtexit.o)(.ARM.Collect$$rtexit$$00000000)
    .ARM.Collect$$rtexit$$00000002           0x08000226   Section        0  C:\Keil_v5\ARM\ARMCC\Bin\..\lib\armlib\c_w.l(rtexit2.o)(.ARM.Collect$$rtexit$$00000002)
    .ARM.Collect$$rtexit$$00000003           0x08000226   Section        4  C:\Keil_v5\ARM\ARMCC\Bin\..\lib\armlib\c_w.l(rtexit2.o)(.ARM.Collect$$rtexit$$00000003)
    .ARM.Collect$$rtexit$$00000004           0x0800022a   Section        6  C:\Keil_v5\ARM\ARMCC\Bin\..\lib\armlib\c_w.l(rtexit2.o)(.ARM.Collect$$rtexit$$00000004)
    .text                                    0x08000230   Section       64  .\objects\startup_stm32f407xx.o(.text)
    $v0                                      0x08000230   Number         0  .\objects\startup_stm32f407xx.o(.text)
    .text                                    0x08000270   Section      238  C:\Keil_v5\ARM\ARMCC\Bin\..\lib\armlib\c_w.l(lludivv7m.o)(.text)
    .text                                    0x08000360   Section        0  C:\Keil_v5\ARM\ARMCC\Bin\..\lib\armlib\c_w.l(noretval__2sprintf.o)(.text)
    .text                                    0x08000388   Section        0  C:\Keil_v5\ARM\ARMCC\Bin\..\lib\armlib\c_w.l(_printf_dec.o)(.text)
    .text                                    0x08000400   Section        0  C:\Keil_v5\ARM\ARMCC\Bin\..\lib\armlib\c_w.l(__printf_wp.o)(.text)
    .text                                    0x0800050e   Section       78  C:\Keil_v5\ARM\ARMCC\Bin\..\lib\armlib\c_w.l(rt_memclr_w.o)(.text)
    .text                                    0x0800055c   Section        0  C:\Keil_v5\ARM\ARMCC\Bin\..\lib\armlib\c_w.l(heapauxi.o)(.text)
    .text                                    0x08000562   Section        0  C:\Keil_v5\ARM\ARMCC\Bin\..\lib\armlib\c_w.l(_printf_intcommon.o)(.text)
    .text                                    0x08000614   Section        0  C:\Keil_v5\ARM\ARMCC\Bin\..\lib\armlib\c_w.l(_printf_char_common.o)(.text)
    _printf_input_char                       0x08000615   Thumb Code    10  C:\Keil_v5\ARM\ARMCC\Bin\..\lib\armlib\c_w.l(_printf_char_common.o)(.text)
    .text                                    0x08000644   Section        0  C:\Keil_v5\ARM\ARMCC\Bin\..\lib\armlib\c_w.l(_sputc.o)(.text)
    .text                                    0x0800064e   Section       74  C:\Keil_v5\ARM\ARMCC\Bin\..\lib\armlib\c_w.l(sys_stackheap_outer.o)(.text)
    .text                                    0x08000698   Section        0  C:\Keil_v5\ARM\ARMCC\Bin\..\lib\armlib\c_w.l(exit.o)(.text)
    .text                                    0x080006ac   Section        8  C:\Keil_v5\ARM\ARMCC\Bin\..\lib\armlib\c_w.l(libspace.o)(.text)
    .text                                    0x080006b4   Section        0  C:\Keil_v5\ARM\ARMCC\Bin\..\lib\armlib\c_w.l(sys_exit.o)(.text)
    .text                                    0x080006c0   Section        2  C:\Keil_v5\ARM\ARMCC\Bin\..\lib\armlib\c_w.l(use_no_semi.o)(.text)
    .text                                    0x080006c2   Section        0  C:\Keil_v5\ARM\ARMCC\Bin\..\lib\armlib\c_w.l(indicate_semi.o)(.text)
    i.Error_Handler                          0x080006c2   Section        0  .\objects\main.o(i.Error_Handler)
    Error_Handler                            0x080006c3   Thumb Code     4  .\objects\main.o(i.Error_Handler)
    i.FSMC_NORSRAM_Extended_Timing_Init      0x080006c8   Section        0  .\objects\stm32f4xx_ll_fsmc.o(i.FSMC_NORSRAM_Extended_Timing_Init)
    i.FSMC_NORSRAM_Init                      0x08000710   Section        0  .\objects\stm32f4xx_ll_fsmc.o(i.FSMC_NORSRAM_Init)
    i.FSMC_NORSRAM_Timing_Init               0x0800076c   Section        0  .\objects\stm32f4xx_ll_fsmc.o(i.FSMC_NORSRAM_Timing_Init)
    i.GLCD_ClearScreen                       0x080007b0   Section        0  .\objects\glcd_mcbstm32f400.o(i.GLCD_ClearScreen)
    i.GLCD_DrawChar                          0x080007ec   Section        0  .\objects\glcd_mcbstm32f400.o(i.GLCD_DrawChar)
    i.GLCD_DrawString                        0x080008bc   Section        0  .\objects\glcd_mcbstm32f400.o(i.GLCD_DrawString)
    i.GLCD_Initialize                        0x080008e8   Section        0  .\objects\glcd_mcbstm32f400.o(i.GLCD_Initialize)
    i.GLCD_SetBackgroundColor                0x0800101c   Section        0  .\objects\glcd_mcbstm32f400.o(i.GLCD_SetBackgroundColor)
    i.GLCD_SetFont                           0x0800102c   Section        0  .\objects\glcd_mcbstm32f400.o(i.GLCD_SetFont)
    i.GLCD_SetForegroundColor                0x0800103c   Section        0  .\objects\glcd_mcbstm32f400.o(i.GLCD_SetForegroundColor)
    i.GLCD_SetWindow                         0x0800104c   Section        0  .\objects\glcd_mcbstm32f400.o(i.GLCD_SetWindow)
    GLCD_SetWindow                           0x0800104d   Thumb Code   168  .\objects\glcd_mcbstm32f400.o(i.GLCD_SetWindow)
    i.HAL_Delay                              0x080010f8   Section        0  .\objects\stm32f4xx_hal.o(i.HAL_Delay)
    i.HAL_GPIO_Init                          0x08001120   Section        0  .\objects\stm32f4xx_hal_gpio.o(i.HAL_GPIO_Init)
    i.HAL_GPIO_WritePin                      0x08001320   Section        0  .\objects\stm32f4xx_hal_gpio.o(i.HAL_GPIO_WritePin)
    i.HAL_GetTick                            0x0800132c   Section        0  .\objects\stm32f4xx_hal.o(i.HAL_GetTick)
    i.HAL_IncTick                            0x08001338   Section        0  .\objects\stm32f4xx_hal.o(i.HAL_IncTick)
    i.HAL_Init                               0x08001350   Section        0  .\objects\stm32f4xx_hal.o(i.HAL_Init)
    i.HAL_InitTick                           0x0800138c   Section        0  .\objects\stm32f4xx_hal.o(i.HAL_InitTick)
    i.HAL_MspInit                            0x080013d8   Section        0  .\objects\stm32f4xx_hal.o(i.HAL_MspInit)
    i.HAL_NVIC_SetPriority                   0x080013da   Section        0  .\objects\stm32f4xx_hal_cortex.o(i.HAL_NVIC_SetPriority)
    i.HAL_NVIC_SetPriorityGrouping           0x08001458   Section        0  .\objects\stm32f4xx_hal_cortex.o(i.HAL_NVIC_SetPriorityGrouping)
    i.HAL_RCC_ClockConfig                    0x08001480   Section        0  .\objects\stm32f4xx_hal_rcc.o(i.HAL_RCC_ClockConfig)
    i.HAL_RCC_GetSysClockFreq                0x08001604   Section        0  .\objects\stm32f4xx_hal_rcc.o(i.HAL_RCC_GetSysClockFreq)
    i.HAL_RCC_OscConfig                      0x080016b4   Section        0  .\objects\stm32f4xx_hal_rcc.o(i.HAL_RCC_OscConfig)
    i.HAL_SRAM_Init                          0x08001b3c   Section        0  .\objects\stm32f4xx_hal_sram.o(i.HAL_SRAM_Init)
    i.HAL_SRAM_MspInit                       0x08001b94   Section        0  .\objects\stm32f4xx_hal_sram.o(i.HAL_SRAM_MspInit)
    i.HAL_SYSTICK_Callback                   0x08001b96   Section        0  .\objects\stm32f4xx_hal_cortex.o(i.HAL_SYSTICK_Callback)
    i.HAL_SYSTICK_Config                     0x08001b98   Section        0  .\objects\stm32f4xx_hal_cortex.o(i.HAL_SYSTICK_Config)
    i.HAL_SYSTICK_IRQHandler                 0x08001bcc   Section        0  .\objects\stm32f4xx_hal_cortex.o(i.HAL_SYSTICK_IRQHandler)
    i.SysTick_Handler                        0x08001bd4   Section        0  .\objects\main.o(i.SysTick_Handler)
    i.SystemClock_Config                     0x08001be0   Section        0  .\objects\main.o(i.SystemClock_Config)
    i.SystemInit                             0x08001c78   Section        0  .\objects\system_stm32f4xx.o(i.SystemInit)
    i.TIM2_IRQHandler                        0x08001cdc   Section        0  .\objects\main.o(i.TIM2_IRQHandler)
    i.TIM2_Initialize                        0x08001de0   Section        0  .\objects\main.o(i.TIM2_Initialize)
    i.__NVIC_GetPriorityGrouping             0x08001e30   Section        0  .\objects\stm32f4xx_hal_cortex.o(i.__NVIC_GetPriorityGrouping)
    __NVIC_GetPriorityGrouping               0x08001e31   Thumb Code    10  .\objects\stm32f4xx_hal_cortex.o(i.__NVIC_GetPriorityGrouping)
    i.__NVIC_SetPriority                     0x08001e40   Section        0  .\objects\stm32f4xx_hal_cortex.o(i.__NVIC_SetPriority)
    __NVIC_SetPriority                       0x08001e41   Thumb Code    32  .\objects\stm32f4xx_hal_cortex.o(i.__NVIC_SetPriority)
    i._is_digit                              0x08001e68   Section        0  C:\Keil_v5\ARM\ARMCC\Bin\..\lib\armlib\c_w.l(__printf_wp.o)(i._is_digit)
    i.main                                   0x08001e78   Section        0  .\objects\main.o(i.main)
    i.wr_cmd                                 0x08001edc   Section        0  .\objects\glcd_mcbstm32f400.o(i.wr_cmd)
    wr_cmd                                   0x08001edd   Thumb Code     8  .\objects\glcd_mcbstm32f400.o(i.wr_cmd)
    i.wr_dat                                 0x08001ee4   Section        0  .\objects\glcd_mcbstm32f400.o(i.wr_dat)
    wr_dat                                   0x08001ee5   Thumb Code     8  .\objects\glcd_mcbstm32f400.o(i.wr_dat)
    i.wr_dat_only                            0x08001eec   Section        0  .\objects\glcd_mcbstm32f400.o(i.wr_dat_only)
    wr_dat_only                              0x08001eed   Thumb Code     8  .\objects\glcd_mcbstm32f400.o(i.wr_dat_only)
    i.wr_reg                                 0x08001ef4   Section        0  .\objects\glcd_mcbstm32f400.o(i.wr_reg)
    wr_reg                                   0x08001ef5   Thumb Code    20  .\objects\glcd_mcbstm32f400.o(i.wr_reg)
    x$fpl$fpinit                             0x08001f08   Section       10  C:\Keil_v5\ARM\ARMCC\Bin\..\lib\armlib\fz_wm.l(fpinit.o)(x$fpl$fpinit)
    $v0                                      0x08001f08   Number         0  C:\Keil_v5\ARM\ARMCC\Bin\..\lib\armlib\fz_wm.l(fpinit.o)(x$fpl$fpinit)
    .constdata                               0x08001f14   Section     6304  .\objects\glcd_fonts.o(.constdata)
    Font_6x8_h                               0x08001f14   Data         896  .\objects\glcd_fonts.o(.constdata)
    Font_16x24_h                             0x08002294   Data        5376  .\objects\glcd_fonts.o(.constdata)
    .constdata                               0x080037b4   Section       24  .\objects\system_stm32f4xx.o(.constdata)
    .data                                    0x20000000   Section       12  .\objects\main.o(.data)
    .data                                    0x2000000c   Section        9  .\objects\glcd_mcbstm32f400.o(.data)
    foreground_color                         0x2000000c   Data           2  .\objects\glcd_mcbstm32f400.o(.data)
    background_color                         0x2000000e   Data           2  .\objects\glcd_mcbstm32f400.o(.data)
    active_font                              0x20000010   Data           4  .\objects\glcd_mcbstm32f400.o(.data)
    Himax                                    0x20000014   Data           1  .\objects\glcd_mcbstm32f400.o(.data)
    .data                                    0x20000018   Section        9  .\objects\stm32f4xx_hal.o(.data)
    .data                                    0x20000024   Section        4  .\objects\system_stm32f4xx.o(.data)
    .bss                                     0x20000028   Section      160  .\objects\main.o(.bss)
    .bss                                     0x200000c8   Section       80  .\objects\glcd_mcbstm32f400.o(.bss)
    hsram4                                   0x200000c8   Data          80  .\objects\glcd_mcbstm32f400.o(.bss)
    .bss                                     0x20000118   Section       96  C:\Keil_v5\ARM\ARMCC\Bin\..\lib\armlib\c_w.l(libspace.o)(.bss)
    HEAP                                     0x20000178   Section      512  .\objects\startup_stm32f407xx.o(HEAP)
    Heap_Mem                                 0x20000178   Data         512  .\objects\startup_stm32f407xx.o(HEAP)
    STACK                                    0x20000378   Section     1024  .\objects\startup_stm32f407xx.o(STACK)
    Stack_Mem                                0x20000378   Data        1024  .\objects\startup_stm32f407xx.o(STACK)
    __initial_sp                             0x20000778   Data           0  .\objects\startup_stm32f407xx.o(STACK)

    Global Symbols

    Symbol Name                              Value     Ov Type        Size  Object(Section)

    BuildAttributes$$THM_ISAv4$E$P$D$K$B$S$7EM$VFPi3$EXTD16$VFPS$VFMA$PE$A:L22UL41UL21$X:L11$S22US41US21$IEEE1$IW$USESV6$~STKCKD$USESV7$~SHL$OSPACE$ROPI$EBA8$UX$STANDARDLIB$REQ8$PRES8$EABIv2 0x00000000   Number         0  anon$$obj.o ABSOLUTE
    __ARM_use_no_argv                        0x00000000   Number         0  .\objects\main.o ABSOLUTE
    _printf_flags                            0x00000000   Number         0  C:\Keil_v5\ARM\ARMCC\Bin\..\lib\armlib\c_w.l(printf_stubs.o) ABSOLUTE
    _printf_return_value                     0x00000000   Number         0  C:\Keil_v5\ARM\ARMCC\Bin\..\lib\armlib\c_w.l(printf_stubs.o) ABSOLUTE
    _printf_sizespec                         0x00000000   Number         0  C:\Keil_v5\ARM\ARMCC\Bin\..\lib\armlib\c_w.l(printf_stubs.o) ABSOLUTE
    _printf_widthprec                        0x00000000   Number         0  C:\Keil_v5\ARM\ARMCC\Bin\..\lib\armlib\c_w.l(printf_stubs.o) ABSOLUTE
    __ARM_exceptions_init                     - Undefined Weak Reference
    __alloca_initialize                       - Undefined Weak Reference
    __arm_fini_                               - Undefined Weak Reference
    __arm_preinit_                            - Undefined Weak Reference
    __cpp_initialize__aeabi_                  - Undefined Weak Reference
    __cxa_finalize                            - Undefined Weak Reference
    __rt_locale                               - Undefined Weak Reference
    __sigvec_lookup                           - Undefined Weak Reference
    _atexit_init                              - Undefined Weak Reference
    _call_atexit_fns                          - Undefined Weak Reference
    _clock_init                               - Undefined Weak Reference
    _fp_trap_init                             - Undefined Weak Reference
    _fp_trap_shutdown                         - Undefined Weak Reference
    _get_lc_collate                           - Undefined Weak Reference
    _get_lc_ctype                             - Undefined Weak Reference
    _get_lc_monetary                          - Undefined Weak Reference
    _get_lc_numeric                           - Undefined Weak Reference
    _get_lc_time                              - Undefined Weak Reference
    _getenv_init                              - Undefined Weak Reference
    _handle_redirection                       - Undefined Weak Reference
    _init_alloc                               - Undefined Weak Reference
    _init_user_alloc                          - Undefined Weak Reference
    _initio                                   - Undefined Weak Reference
    _printf_post_padding                      - Undefined Weak Reference
    _printf_pre_padding                       - Undefined Weak Reference
    _printf_truncate_signed                   - Undefined Weak Reference
    _printf_truncate_unsigned                 - Undefined Weak Reference
    _rand_init                                - Undefined Weak Reference
    _signal_finish                            - Undefined Weak Reference
    _signal_init                              - Undefined Weak Reference
    _terminate_alloc                          - Undefined Weak Reference
    _terminate_user_alloc                     - Undefined Weak Reference
    _terminateio                              - Undefined Weak Reference
    __Vectors_Size                           0x00000188   Number         0  .\objects\startup_stm32f407xx.o ABSOLUTE
    __Vectors                                0x08000000   Data           4  .\objects\startup_stm32f407xx.o(RESET)
    __Vectors_End                            0x08000188   Data           0  .\objects\startup_stm32f407xx.o(RESET)
    __main                                   0x08000189   Thumb Code     8  C:\Keil_v5\ARM\ARMCC\Bin\..\lib\armlib\c_w.l(__main.o)(!!!main)
    __scatterload                            0x08000191   Thumb Code     0  C:\Keil_v5\ARM\ARMCC\Bin\..\lib\armlib\c_w.l(__scatter.o)(!!!scatter)
    __scatterload_rt2                        0x08000191   Thumb Code    44  C:\Keil_v5\ARM\ARMCC\Bin\..\lib\armlib\c_w.l(__scatter.o)(!!!scatter)
    __scatterload_rt2_thumb_only             0x08000191   Thumb Code     0  C:\Keil_v5\ARM\ARMCC\Bin\..\lib\armlib\c_w.l(__scatter.o)(!!!scatter)
    __scatterload_null                       0x0800019f   Thumb Code     0  C:\Keil_v5\ARM\ARMCC\Bin\..\lib\armlib\c_w.l(__scatter.o)(!!!scatter)
    __scatterload_copy                       0x080001c5   Thumb Code    26  C:\Keil_v5\ARM\ARMCC\Bin\..\lib\armlib\c_w.l(__scatter_copy.o)(!!handler_copy)
    __scatterload_zeroinit                   0x080001e1   Thumb Code    28  C:\Keil_v5\ARM\ARMCC\Bin\..\lib\armlib\c_w.l(__scatter_zi.o)(!!handler_zi)
    _printf_d                                0x080001fd   Thumb Code     0  C:\Keil_v5\ARM\ARMCC\Bin\..\lib\armlib\c_w.l(_printf_d.o)(.ARM.Collect$$_printf_percent$$00000009)
    _printf_percent                          0x080001fd   Thumb Code     0  C:\Keil_v5\ARM\ARMCC\Bin\..\lib\armlib\c_w.l(_printf_percent.o)(.ARM.Collect$$_printf_percent$$00000000)
    _printf_percent_end                      0x08000203   Thumb Code     0  C:\Keil_v5\ARM\ARMCC\Bin\..\lib\armlib\c_w.l(_printf_percent_end.o)(.ARM.Collect$$_printf_percent$$00000017)
    __rt_lib_init                            0x08000207   Thumb Code     0  C:\Keil_v5\ARM\ARMCC\Bin\..\lib\armlib\c_w.l(libinit.o)(.ARM.Collect$$libinit$$00000000)
    __rt_lib_init_fp_1                       0x08000209   Thumb Code     0  C:\Keil_v5\ARM\ARMCC\Bin\..\lib\armlib\c_w.l(libinit2.o)(.ARM.Collect$$libinit$$00000001)
    __rt_lib_init_alloca_1                   0x0800020d   Thumb Code     0  C:\Keil_v5\ARM\ARMCC\Bin\..\lib\armlib\c_w.l(libinit2.o)(.ARM.Collect$$libinit$$0000002E)
    __rt_lib_init_argv_1                     0x0800020d   Thumb Code     0  C:\Keil_v5\ARM\ARMCC\Bin\..\lib\armlib\c_w.l(libinit2.o)(.ARM.Collect$$libinit$$0000002C)
    __rt_lib_init_atexit_1                   0x0800020d   Thumb Code     0  C:\Keil_v5\ARM\ARMCC\Bin\..\lib\armlib\c_w.l(libinit2.o)(.ARM.Collect$$libinit$$0000001B)
    __rt_lib_init_clock_1                    0x0800020d   Thumb Code     0  C:\Keil_v5\ARM\ARMCC\Bin\..\lib\armlib\c_w.l(libinit2.o)(.ARM.Collect$$libinit$$00000021)
    __rt_lib_init_cpp_1                      0x0800020d   Thumb Code     0  C:\Keil_v5\ARM\ARMCC\Bin\..\lib\armlib\c_w.l(libinit2.o)(.ARM.Collect$$libinit$$00000032)
    __rt_lib_init_exceptions_1               0x0800020d   Thumb Code     0  C:\Keil_v5\ARM\ARMCC\Bin\..\lib\armlib\c_w.l(libinit2.o)(.ARM.Collect$$libinit$$00000030)
    __rt_lib_init_fp_trap_1                  0x0800020d   Thumb Code     0  C:\Keil_v5\ARM\ARMCC\Bin\..\lib\armlib\c_w.l(libinit2.o)(.ARM.Collect$$libinit$$0000001F)
    __rt_lib_init_getenv_1                   0x0800020d   Thumb Code     0  C:\Keil_v5\ARM\ARMCC\Bin\..\lib\armlib\c_w.l(libinit2.o)(.ARM.Collect$$libinit$$00000023)
    __rt_lib_init_heap_1                     0x0800020d   Thumb Code     0  C:\Keil_v5\ARM\ARMCC\Bin\..\lib\armlib\c_w.l(libinit2.o)(.ARM.Collect$$libinit$$0000000A)
    __rt_lib_init_lc_collate_1               0x0800020d   Thumb Code     0  C:\Keil_v5\ARM\ARMCC\Bin\..\lib\armlib\c_w.l(libinit2.o)(.ARM.Collect$$libinit$$00000011)
    __rt_lib_init_lc_ctype_1                 0x0800020d   Thumb Code     0  C:\Keil_v5\ARM\ARMCC\Bin\..\lib\armlib\c_w.l(libinit2.o)(.ARM.Collect$$libinit$$00000013)
    __rt_lib_init_lc_monetary_1              0x0800020d   Thumb Code     0  C:\Keil_v5\ARM\ARMCC\Bin\..\lib\armlib\c_w.l(libinit2.o)(.ARM.Collect$$libinit$$00000015)
    __rt_lib_init_lc_numeric_1               0x0800020d   Thumb Code     0  C:\Keil_v5\ARM\ARMCC\Bin\..\lib\armlib\c_w.l(libinit2.o)(.ARM.Collect$$libinit$$00000017)
    __rt_lib_init_lc_time_1                  0x0800020d   Thumb Code     0  C:\Keil_v5\ARM\ARMCC\Bin\..\lib\armlib\c_w.l(libinit2.o)(.ARM.Collect$$libinit$$00000019)
    __rt_lib_init_preinit_1                  0x0800020d   Thumb Code     0  C:\Keil_v5\ARM\ARMCC\Bin\..\lib\armlib\c_w.l(libinit2.o)(.ARM.Collect$$libinit$$00000004)
    __rt_lib_init_rand_1                     0x0800020d   Thumb Code     0  C:\Keil_v5\ARM\ARMCC\Bin\..\lib\armlib\c_w.l(libinit2.o)(.ARM.Collect$$libinit$$0000000E)
    __rt_lib_init_return                     0x0800020d   Thumb Code     0  C:\Keil_v5\ARM\ARMCC\Bin\..\lib\armlib\c_w.l(libinit2.o)(.ARM.Collect$$libinit$$00000033)
    __rt_lib_init_signal_1                   0x0800020d   Thumb Code     0  C:\Keil_v5\ARM\ARMCC\Bin\..\lib\armlib\c_w.l(libinit2.o)(.ARM.Collect$$libinit$$0000001D)
    __rt_lib_init_stdio_1                    0x0800020d   Thumb Code     0  C:\Keil_v5\ARM\ARMCC\Bin\..\lib\armlib\c_w.l(libinit2.o)(.ARM.Collect$$libinit$$00000025)
    __rt_lib_init_user_alloc_1               0x0800020d   Thumb Code     0  C:\Keil_v5\ARM\ARMCC\Bin\..\lib\armlib\c_w.l(libinit2.o)(.ARM.Collect$$libinit$$0000000C)
    __rt_lib_shutdown                        0x0800020f   Thumb Code     0  C:\Keil_v5\ARM\ARMCC\Bin\..\lib\armlib\c_w.l(libshutdown.o)(.ARM.Collect$$libshutdown$$00000000)
    __rt_lib_shutdown_cpp_1                  0x08000211   Thumb Code     0  C:\Keil_v5\ARM\ARMCC\Bin\..\lib\armlib\c_w.l(libshutdown2.o)(.ARM.Collect$$libshutdown$$00000004)
    __rt_lib_shutdown_fini_1                 0x08000211   Thumb Code     0  C:\Keil_v5\ARM\ARMCC\Bin\..\lib\armlib\c_w.l(libshutdown2.o)(.ARM.Collect$$libshutdown$$00000002)
    __rt_lib_shutdown_fp_trap_1              0x08000211   Thumb Code     0  C:\Keil_v5\ARM\ARMCC\Bin\..\lib\armlib\c_w.l(libshutdown2.o)(.ARM.Collect$$libshutdown$$00000009)
    __rt_lib_shutdown_heap_1                 0x08000211   Thumb Code     0  C:\Keil_v5\ARM\ARMCC\Bin\..\lib\armlib\c_w.l(libshutdown2.o)(.ARM.Collect$$libshutdown$$00000011)
    __rt_lib_shutdown_return                 0x08000211   Thumb Code     0  C:\Keil_v5\ARM\ARMCC\Bin\..\lib\armlib\c_w.l(libshutdown2.o)(.ARM.Collect$$libshutdown$$00000012)
    __rt_lib_shutdown_signal_1               0x08000211   Thumb Code     0  C:\Keil_v5\ARM\ARMCC\Bin\..\lib\armlib\c_w.l(libshutdown2.o)(.ARM.Collect$$libshutdown$$0000000C)
    __rt_lib_shutdown_stdio_1                0x08000211   Thumb Code     0  C:\Keil_v5\ARM\ARMCC\Bin\..\lib\armlib\c_w.l(libshutdown2.o)(.ARM.Collect$$libshutdown$$00000006)
    __rt_lib_shutdown_user_alloc_1           0x08000211   Thumb Code     0  C:\Keil_v5\ARM\ARMCC\Bin\..\lib\armlib\c_w.l(libshutdown2.o)(.ARM.Collect$$libshutdown$$0000000E)
    __rt_entry                               0x08000213   Thumb Code     0  C:\Keil_v5\ARM\ARMCC\Bin\..\lib\armlib\c_w.l(__rtentry.o)(.ARM.Collect$$rtentry$$00000000)
    __rt_entry_presh_1                       0x08000213   Thumb Code     0  C:\Keil_v5\ARM\ARMCC\Bin\..\lib\armlib\c_w.l(__rtentry2.o)(.ARM.Collect$$rtentry$$00000002)
    __rt_entry_sh                            0x08000213   Thumb Code     0  C:\Keil_v5\ARM\ARMCC\Bin\..\lib\armlib\c_w.l(__rtentry4.o)(.ARM.Collect$$rtentry$$00000004)
    __rt_entry_li                            0x08000219   Thumb Code     0  C:\Keil_v5\ARM\ARMCC\Bin\..\lib\armlib\c_w.l(__rtentry2.o)(.ARM.Collect$$rtentry$$0000000A)
    __rt_entry_postsh_1                      0x08000219   Thumb Code     0  C:\Keil_v5\ARM\ARMCC\Bin\..\lib\armlib\c_w.l(__rtentry2.o)(.ARM.Collect$$rtentry$$00000009)
    __rt_entry_main                          0x0800021d   Thumb Code     0  C:\Keil_v5\ARM\ARMCC\Bin\..\lib\armlib\c_w.l(__rtentry2.o)(.ARM.Collect$$rtentry$$0000000D)
    __rt_entry_postli_1                      0x0800021d   Thumb Code     0  C:\Keil_v5\ARM\ARMCC\Bin\..\lib\armlib\c_w.l(__rtentry2.o)(.ARM.Collect$$rtentry$$0000000C)
    __rt_exit                                0x08000225   Thumb Code     0  C:\Keil_v5\ARM\ARMCC\Bin\..\lib\armlib\c_w.l(rtexit.o)(.ARM.Collect$$rtexit$$00000000)
    __rt_exit_ls                             0x08000227   Thumb Code     0  C:\Keil_v5\ARM\ARMCC\Bin\..\lib\armlib\c_w.l(rtexit2.o)(.ARM.Collect$$rtexit$$00000003)
    __rt_exit_prels_1                        0x08000227   Thumb Code     0  C:\Keil_v5\ARM\ARMCC\Bin\..\lib\armlib\c_w.l(rtexit2.o)(.ARM.Collect$$rtexit$$00000002)
    __rt_exit_exit                           0x0800022b   Thumb Code     0  C:\Keil_v5\ARM\ARMCC\Bin\..\lib\armlib\c_w.l(rtexit2.o)(.ARM.Collect$$rtexit$$00000004)
    Reset_Handler                            0x08000231   Thumb Code     8  .\objects\startup_stm32f407xx.o(.text)
    NMI_Handler                              0x08000239   Thumb Code     2  .\objects\startup_stm32f407xx.o(.text)
    HardFault_Handler                        0x0800023b   Thumb Code     2  .\objects\startup_stm32f407xx.o(.text)
    MemManage_Handler                        0x0800023d   Thumb Code     2  .\objects\startup_stm32f407xx.o(.text)
    BusFault_Handler                         0x0800023f   Thumb Code     2  .\objects\startup_stm32f407xx.o(.text)
    UsageFault_Handler                       0x08000241   Thumb Code     2  .\objects\startup_stm32f407xx.o(.text)
    SVC_Handler                              0x08000243   Thumb Code     2  .\objects\startup_stm32f407xx.o(.text)
    DebugMon_Handler                         0x08000245   Thumb Code     2  .\objects\startup_stm32f407xx.o(.text)
    PendSV_Handler                           0x08000247   Thumb Code     2  .\objects\startup_stm32f407xx.o(.text)
    ADC_IRQHandler                           0x0800024b   Thumb Code     0  .\objects\startup_stm32f407xx.o(.text)
    CAN1_RX0_IRQHandler                      0x0800024b   Thumb Code     0  .\objects\startup_stm32f407xx.o(.text)
    CAN1_RX1_IRQHandler                      0x0800024b   Thumb Code     0  .\objects\startup_stm32f407xx.o(.text)
    CAN1_SCE_IRQHandler                      0x0800024b   Thumb Code     0  .\objects\startup_stm32f407xx.o(.text)
    CAN1_TX_IRQHandler                       0x0800024b   Thumb Code     0  .\objects\startup_stm32f407xx.o(.text)
    CAN2_RX0_IRQHandler                      0x0800024b   Thumb Code     0  .\objects\startup_stm32f407xx.o(.text)
    CAN2_RX1_IRQHandler                      0x0800024b   Thumb Code     0  .\objects\startup_stm32f407xx.o(.text)
    CAN2_SCE_IRQHandler                      0x0800024b   Thumb Code     0  .\objects\startup_stm32f407xx.o(.text)
    CAN2_TX_IRQHandler                       0x0800024b   Thumb Code     0  .\objects\startup_stm32f407xx.o(.text)
    DCMI_IRQHandler                          0x0800024b   Thumb Code     0  .\objects\startup_stm32f407xx.o(.text)
    DMA1_Stream0_IRQHandler                  0x0800024b   Thumb Code     0  .\objects\startup_stm32f407xx.o(.text)
    DMA1_Stream1_IRQHandler                  0x0800024b   Thumb Code     0  .\objects\startup_stm32f407xx.o(.text)
    DMA1_Stream2_IRQHandler                  0x0800024b   Thumb Code     0  .\objects\startup_stm32f407xx.o(.text)
    DMA1_Stream3_IRQHandler                  0x0800024b   Thumb Code     0  .\objects\startup_stm32f407xx.o(.text)
    DMA1_Stream4_IRQHandler                  0x0800024b   Thumb Code     0  .\objects\startup_stm32f407xx.o(.text)
    DMA1_Stream5_IRQHandler                  0x0800024b   Thumb Code     0  .\objects\startup_stm32f407xx.o(.text)
    DMA1_Stream6_IRQHandler                  0x0800024b   Thumb Code     0  .\objects\startup_stm32f407xx.o(.text)
    DMA1_Stream7_IRQHandler                  0x0800024b   Thumb Code     0  .\objects\startup_stm32f407xx.o(.text)
    DMA2_Stream0_IRQHandler                  0x0800024b   Thumb Code     0  .\objects\startup_stm32f407xx.o(.text)
    DMA2_Stream1_IRQHandler                  0x0800024b   Thumb Code     0  .\objects\startup_stm32f407xx.o(.text)
    DMA2_Stream2_IRQHandler                  0x0800024b   Thumb Code     0  .\objects\startup_stm32f407xx.o(.text)
    DMA2_Stream3_IRQHandler                  0x0800024b   Thumb Code     0  .\objects\startup_stm32f407xx.o(.text)
    DMA2_Stream4_IRQHandler                  0x0800024b   Thumb Code     0  .\objects\startup_stm32f407xx.o(.text)
    DMA2_Stream5_IRQHandler                  0x0800024b   Thumb Code     0  .\objects\startup_stm32f407xx.o(.text)
    DMA2_Stream6_IRQHandler                  0x0800024b   Thumb Code     0  .\objects\startup_stm32f407xx.o(.text)
    DMA2_Stream7_IRQHandler                  0x0800024b   Thumb Code     0  .\objects\startup_stm32f407xx.o(.text)
    ETH_IRQHandler                           0x0800024b   Thumb Code     0  .\objects\startup_stm32f407xx.o(.text)
    ETH_WKUP_IRQHandler                      0x0800024b   Thumb Code     0  .\objects\startup_stm32f407xx.o(.text)
    EXTI0_IRQHandler                         0x0800024b   Thumb Code     0  .\objects\startup_stm32f407xx.o(.text)
    EXTI15_10_IRQHandler                     0x0800024b   Thumb Code     0  .\objects\startup_stm32f407xx.o(.text)
    EXTI1_IRQHandler                         0x0800024b   Thumb Code     0  .\objects\startup_stm32f407xx.o(.text)
    EXTI2_IRQHandler                         0x0800024b   Thumb Code     0  .\objects\startup_stm32f407xx.o(.text)
    EXTI3_IRQHandler                         0x0800024b   Thumb Code     0  .\objects\startup_stm32f407xx.o(.text)
    EXTI4_IRQHandler                         0x0800024b   Thumb Code     0  .\objects\startup_stm32f407xx.o(.text)
    EXTI9_5_IRQHandler                       0x0800024b   Thumb Code     0  .\objects\startup_stm32f407xx.o(.text)
    FLASH_IRQHandler                         0x0800024b   Thumb Code     0  .\objects\startup_stm32f407xx.o(.text)
    FMC_IRQHandler                           0x0800024b   Thumb Code     0  .\objects\startup_stm32f407xx.o(.text)
    FPU_IRQHandler                           0x0800024b   Thumb Code     0  .\objects\startup_stm32f407xx.o(.text)
    HASH_RNG_IRQHandler                      0x0800024b   Thumb Code     0  .\objects\startup_stm32f407xx.o(.text)
    I2C1_ER_IRQHandler                       0x0800024b   Thumb Code     0  .\objects\startup_stm32f407xx.o(.text)
    I2C1_EV_IRQHandler                       0x0800024b   Thumb Code     0  .\objects\startup_stm32f407xx.o(.text)
    I2C2_ER_IRQHandler                       0x0800024b   Thumb Code     0  .\objects\startup_stm32f407xx.o(.text)
    I2C2_EV_IRQHandler                       0x0800024b   Thumb Code     0  .\objects\startup_stm32f407xx.o(.text)
    I2C3_ER_IRQHandler                       0x0800024b   Thumb Code     0  .\objects\startup_stm32f407xx.o(.text)
    I2C3_EV_IRQHandler                       0x0800024b   Thumb Code     0  .\objects\startup_stm32f407xx.o(.text)
    OTG_FS_IRQHandler                        0x0800024b   Thumb Code     0  .\objects\startup_stm32f407xx.o(.text)
    OTG_FS_WKUP_IRQHandler                   0x0800024b   Thumb Code     0  .\objects\startup_stm32f407xx.o(.text)
    OTG_HS_EP1_IN_IRQHandler                 0x0800024b   Thumb Code     0  .\objects\startup_stm32f407xx.o(.text)
    OTG_HS_EP1_OUT_IRQHandler                0x0800024b   Thumb Code     0  .\objects\startup_stm32f407xx.o(.text)
    OTG_HS_IRQHandler                        0x0800024b   Thumb Code     0  .\objects\startup_stm32f407xx.o(.text)
    OTG_HS_WKUP_IRQHandler                   0x0800024b   Thumb Code     0  .\objects\startup_stm32f407xx.o(.text)
    PVD_IRQHandler                           0x0800024b   Thumb Code     0  .\objects\startup_stm32f407xx.o(.text)
    RCC_IRQHandler                           0x0800024b   Thumb Code     0  .\objects\startup_stm32f407xx.o(.text)
    RTC_Alarm_IRQHandler                     0x0800024b   Thumb Code     0  .\objects\startup_stm32f407xx.o(.text)
    RTC_WKUP_IRQHandler                      0x0800024b   Thumb Code     0  .\objects\startup_stm32f407xx.o(.text)
    SDIO_IRQHandler                          0x0800024b   Thumb Code     0  .\objects\startup_stm32f407xx.o(.text)
    SPI1_IRQHandler                          0x0800024b   Thumb Code     0  .\objects\startup_stm32f407xx.o(.text)
    SPI2_IRQHandler                          0x0800024b   Thumb Code     0  .\objects\startup_stm32f407xx.o(.text)
    SPI3_IRQHandler                          0x0800024b   Thumb Code     0  .\objects\startup_stm32f407xx.o(.text)
    TAMP_STAMP_IRQHandler                    0x0800024b   Thumb Code     0  .\objects\startup_stm32f407xx.o(.text)
    TIM1_BRK_TIM9_IRQHandler                 0x0800024b   Thumb Code     0  .\objects\startup_stm32f407xx.o(.text)
    TIM1_CC_IRQHandler                       0x0800024b   Thumb Code     0  .\objects\startup_stm32f407xx.o(.text)
    TIM1_TRG_COM_TIM11_IRQHandler            0x0800024b   Thumb Code     0  .\objects\startup_stm32f407xx.o(.text)
    TIM1_UP_TIM10_IRQHandler                 0x0800024b   Thumb Code     0  .\objects\startup_stm32f407xx.o(.text)
    TIM3_IRQHandler                          0x0800024b   Thumb Code     0  .\objects\startup_stm32f407xx.o(.text)
    TIM4_IRQHandler                          0x0800024b   Thumb Code     0  .\objects\startup_stm32f407xx.o(.text)
    TIM5_IRQHandler                          0x0800024b   Thumb Code     0  .\objects\startup_stm32f407xx.o(.text)
    TIM6_DAC_IRQHandler                      0x0800024b   Thumb Code     0  .\objects\startup_stm32f407xx.o(.text)
    TIM7_IRQHandler                          0x0800024b   Thumb Code     0  .\objects\startup_stm32f407xx.o(.text)
    TIM8_BRK_TIM12_IRQHandler                0x0800024b   Thumb Code     0  .\objects\startup_stm32f407xx.o(.text)
    TIM8_CC_IRQHandler                       0x0800024b   Thumb Code     0  .\objects\startup_stm32f407xx.o(.text)
    TIM8_TRG_COM_TIM14_IRQHandler            0x0800024b   Thumb Code     0  .\objects\startup_stm32f407xx.o(.text)
    TIM8_UP_TIM13_IRQHandler                 0x0800024b   Thumb Code     0  .\objects\startup_stm32f407xx.o(.text)
    UART4_IRQHandler                         0x0800024b   Thumb Code     0  .\objects\startup_stm32f407xx.o(.text)
    UART5_IRQHandler                         0x0800024b   Thumb Code     0  .\objects\startup_stm32f407xx.o(.text)
    USART1_IRQHandler                        0x0800024b   Thumb Code     0  .\objects\startup_stm32f407xx.o(.text)
    USART2_IRQHandler                        0x0800024b   Thumb Code     0  .\objects\startup_stm32f407xx.o(.text)
    USART3_IRQHandler                        0x0800024b   Thumb Code     0  .\objects\startup_stm32f407xx.o(.text)
    USART6_IRQHandler                        0x0800024b   Thumb Code     0  .\objects\startup_stm32f407xx.o(.text)
    WWDG_IRQHandler                          0x0800024b   Thumb Code     0  .\objects\startup_stm32f407xx.o(.text)
    __user_initial_stackheap                 0x0800024d   Thumb Code     0  .\objects\startup_stm32f407xx.o(.text)
    __aeabi_uldivmod                         0x08000271   Thumb Code     0  C:\Keil_v5\ARM\ARMCC\Bin\..\lib\armlib\c_w.l(lludivv7m.o)(.text)
    _ll_udiv                                 0x08000271   Thumb Code   238  C:\Keil_v5\ARM\ARMCC\Bin\..\lib\armlib\c_w.l(lludivv7m.o)(.text)
    __2sprintf                               0x08000361   Thumb Code    34  C:\Keil_v5\ARM\ARMCC\Bin\..\lib\armlib\c_w.l(noretval__2sprintf.o)(.text)
    _printf_int_dec                          0x08000389   Thumb Code   104  C:\Keil_v5\ARM\ARMCC\Bin\..\lib\armlib\c_w.l(_printf_dec.o)(.text)
    __printf                                 0x08000401   Thumb Code   270  C:\Keil_v5\ARM\ARMCC\Bin\..\lib\armlib\c_w.l(__printf_wp.o)(.text)
    __aeabi_memclr4                          0x0800050f   Thumb Code     0  C:\Keil_v5\ARM\ARMCC\Bin\..\lib\armlib\c_w.l(rt_memclr_w.o)(.text)
    __aeabi_memclr8                          0x0800050f   Thumb Code     0  C:\Keil_v5\ARM\ARMCC\Bin\..\lib\armlib\c_w.l(rt_memclr_w.o)(.text)
    __rt_memclr_w                            0x0800050f   Thumb Code    78  C:\Keil_v5\ARM\ARMCC\Bin\..\lib\armlib\c_w.l(rt_memclr_w.o)(.text)
    _memset_w                                0x08000513   Thumb Code     0  C:\Keil_v5\ARM\ARMCC\Bin\..\lib\armlib\c_w.l(rt_memclr_w.o)(.text)
    __use_two_region_memory                  0x0800055d   Thumb Code     2  C:\Keil_v5\ARM\ARMCC\Bin\..\lib\armlib\c_w.l(heapauxi.o)(.text)
    __rt_heap_escrow$2region                 0x0800055f   Thumb Code     2  C:\Keil_v5\ARM\ARMCC\Bin\..\lib\armlib\c_w.l(heapauxi.o)(.text)
    __rt_heap_expand$2region                 0x08000561   Thumb Code     2  C:\Keil_v5\ARM\ARMCC\Bin\..\lib\armlib\c_w.l(heapauxi.o)(.text)
    _printf_int_common                       0x08000563   Thumb Code   178  C:\Keil_v5\ARM\ARMCC\Bin\..\lib\armlib\c_w.l(_printf_intcommon.o)(.text)
    _printf_char_common                      0x0800061f   Thumb Code    32  C:\Keil_v5\ARM\ARMCC\Bin\..\lib\armlib\c_w.l(_printf_char_common.o)(.text)
    _sputc                                   0x08000645   Thumb Code    10  C:\Keil_v5\ARM\ARMCC\Bin\..\lib\armlib\c_w.l(_sputc.o)(.text)
    __user_setup_stackheap                   0x0800064f   Thumb Code    74  C:\Keil_v5\ARM\ARMCC\Bin\..\lib\armlib\c_w.l(sys_stackheap_outer.o)(.text)
    exit                                     0x08000699   Thumb Code    18  C:\Keil_v5\ARM\ARMCC\Bin\..\lib\armlib\c_w.l(exit.o)(.text)
    __user_libspace                          0x080006ad   Thumb Code     8  C:\Keil_v5\ARM\ARMCC\Bin\..\lib\armlib\c_w.l(libspace.o)(.text)
    __user_perproc_libspace                  0x080006ad   Thumb Code     0  C:\Keil_v5\ARM\ARMCC\Bin\..\lib\armlib\c_w.l(libspace.o)(.text)
    __user_perthread_libspace                0x080006ad   Thumb Code     0  C:\Keil_v5\ARM\ARMCC\Bin\..\lib\armlib\c_w.l(libspace.o)(.text)
    _sys_exit                                0x080006b5   Thumb Code     8  C:\Keil_v5\ARM\ARMCC\Bin\..\lib\armlib\c_w.l(sys_exit.o)(.text)
    __I$use$semihosting                      0x080006c1   Thumb Code     0  C:\Keil_v5\ARM\ARMCC\Bin\..\lib\armlib\c_w.l(use_no_semi.o)(.text)
    __use_no_semihosting_swi                 0x080006c1   Thumb Code     2  C:\Keil_v5\ARM\ARMCC\Bin\..\lib\armlib\c_w.l(use_no_semi.o)(.text)
    __semihosting_library_function           0x080006c3   Thumb Code     0  C:\Keil_v5\ARM\ARMCC\Bin\..\lib\armlib\c_w.l(indicate_semi.o)(.text)
    FSMC_NORSRAM_Extended_Timing_Init        0x080006c9   Thumb Code    66  .\objects\stm32f4xx_ll_fsmc.o(i.FSMC_NORSRAM_Extended_Timing_Init)
    FSMC_NORSRAM_Init                        0x08000711   Thumb Code    88  .\objects\stm32f4xx_ll_fsmc.o(i.FSMC_NORSRAM_Init)
    FSMC_NORSRAM_Timing_Init                 0x0800076d   Thumb Code    68  .\objects\stm32f4xx_ll_fsmc.o(i.FSMC_NORSRAM_Timing_Init)
    GLCD_ClearScreen                         0x080007b1   Thumb Code    54  .\objects\glcd_mcbstm32f400.o(i.GLCD_ClearScreen)
    GLCD_DrawChar                            0x080007ed   Thumb Code   194  .\objects\glcd_mcbstm32f400.o(i.GLCD_DrawChar)
    GLCD_DrawString                          0x080008bd   Thumb Code    38  .\objects\glcd_mcbstm32f400.o(i.GLCD_DrawString)
    GLCD_Initialize                          0x080008e9   Thumb Code  1838  .\objects\glcd_mcbstm32f400.o(i.GLCD_Initialize)
    GLCD_SetBackgroundColor                  0x0800101d   Thumb Code    10  .\objects\glcd_mcbstm32f400.o(i.GLCD_SetBackgroundColor)
    GLCD_SetFont                             0x0800102d   Thumb Code    10  .\objects\glcd_mcbstm32f400.o(i.GLCD_SetFont)
    GLCD_SetForegroundColor                  0x0800103d   Thumb Code    10  .\objects\glcd_mcbstm32f400.o(i.GLCD_SetForegroundColor)
    HAL_Delay                                0x080010f9   Thumb Code    36  .\objects\stm32f4xx_hal.o(i.HAL_Delay)
    HAL_GPIO_Init                            0x08001121   Thumb Code   466  .\objects\stm32f4xx_hal_gpio.o(i.HAL_GPIO_Init)
    HAL_GPIO_WritePin                        0x08001321   Thumb Code    12  .\objects\stm32f4xx_hal_gpio.o(i.HAL_GPIO_WritePin)
    HAL_GetTick                              0x0800132d   Thumb Code     6  .\objects\stm32f4xx_hal.o(i.HAL_GetTick)
    HAL_IncTick                              0x08001339   Thumb Code    16  .\objects\stm32f4xx_hal.o(i.HAL_IncTick)
    HAL_Init                                 0x08001351   Thumb Code    54  .\objects\stm32f4xx_hal.o(i.HAL_Init)
    HAL_InitTick                             0x0800138d   Thumb Code    64  .\objects\stm32f4xx_hal.o(i.HAL_InitTick)
    HAL_MspInit                              0x080013d9   Thumb Code     2  .\objects\stm32f4xx_hal.o(i.HAL_MspInit)
    HAL_NVIC_SetPriority                     0x080013db   Thumb Code   124  .\objects\stm32f4xx_hal_cortex.o(i.HAL_NVIC_SetPriority)
    HAL_NVIC_SetPriorityGrouping             0x08001459   Thumb Code    32  .\objects\stm32f4xx_hal_cortex.o(i.HAL_NVIC_SetPriorityGrouping)
    HAL_RCC_ClockConfig                      0x08001481   Thumb Code   368  .\objects\stm32f4xx_hal_rcc.o(i.HAL_RCC_ClockConfig)
    HAL_RCC_GetSysClockFreq                  0x08001605   Thumb Code   162  .\objects\stm32f4xx_hal_rcc.o(i.HAL_RCC_GetSysClockFreq)
    HAL_RCC_OscConfig                        0x080016b5   Thumb Code  1152  .\objects\stm32f4xx_hal_rcc.o(i.HAL_RCC_OscConfig)
    HAL_SRAM_Init                            0x08001b3d   Thumb Code    88  .\objects\stm32f4xx_hal_sram.o(i.HAL_SRAM_Init)
    HAL_SRAM_MspInit                         0x08001b95   Thumb Code     2  .\objects\stm32f4xx_hal_sram.o(i.HAL_SRAM_MspInit)
    HAL_SYSTICK_Callback                     0x08001b97   Thumb Code     2  .\objects\stm32f4xx_hal_cortex.o(i.HAL_SYSTICK_Callback)
    HAL_SYSTICK_Config                       0x08001b99   Thumb Code    52  .\objects\stm32f4xx_hal_cortex.o(i.HAL_SYSTICK_Config)
    HAL_SYSTICK_IRQHandler                   0x08001bcd   Thumb Code     8  .\objects\stm32f4xx_hal_cortex.o(i.HAL_SYSTICK_IRQHandler)
    SysTick_Handler                          0x08001bd5   Thumb Code    12  .\objects\main.o(i.SysTick_Handler)
    SystemClock_Config                       0x08001be1   Thumb Code   144  .\objects\main.o(i.SystemClock_Config)
    SystemInit                               0x08001c79   Thumb Code    82  .\objects\system_stm32f4xx.o(i.SystemInit)
    TIM2_IRQHandler                          0x08001cdd   Thumb Code   200  .\objects\main.o(i.TIM2_IRQHandler)
    TIM2_Initialize                          0x08001de1   Thumb Code    76  .\objects\main.o(i.TIM2_Initialize)
    _is_digit                                0x08001e69   Thumb Code    14  C:\Keil_v5\ARM\ARMCC\Bin\..\lib\armlib\c_w.l(__printf_wp.o)(i._is_digit)
    main                                     0x08001e79   Thumb Code    76  .\objects\main.o(i.main)
    _fp_init                                 0x08001f09   Thumb Code    10  C:\Keil_v5\ARM\ARMCC\Bin\..\lib\armlib\fz_wm.l(fpinit.o)(x$fpl$fpinit)
    __fplib_config_fpu_vfp                   0x08001f11   Thumb Code     0  C:\Keil_v5\ARM\ARMCC\Bin\..\lib\armlib\fz_wm.l(fpinit.o)(x$fpl$fpinit)
    __fplib_config_pureend_doubles           0x08001f11   Thumb Code     0  C:\Keil_v5\ARM\ARMCC\Bin\..\lib\armlib\fz_wm.l(fpinit.o)(x$fpl$fpinit)
    GLCD_Font_6x8                            0x08003794   Data          16  .\objects\glcd_fonts.o(.constdata)
    GLCD_Font_16x24                          0x080037a4   Data          16  .\objects\glcd_fonts.o(.constdata)
    AHBPrescTable                            0x080037b4   Data          16  .\objects\system_stm32f4xx.o(.constdata)
    APBPrescTable                            0x080037c4   Data           8  .\objects\system_stm32f4xx.o(.constdata)
    Region$$Table$$Base                      0x080037cc   Number         0  anon$$obj.o(Region$$Table)
    Region$$Table$$Limit                     0x080037ec   Number         0  anon$$obj.o(Region$$Table)
    i                                        0x20000000   Data           4  .\objects\main.o(.data)
    m                                        0x20000004   Data           4  .\objects\main.o(.data)
    h                                        0x20000008   Data           4  .\objects\main.o(.data)
    uwTick                                   0x20000018   Data           4  .\objects\stm32f4xx_hal.o(.data)
    uwTickPrio                               0x2000001c   Data           4  .\objects\stm32f4xx_hal.o(.data)
    uwTickFreq                               0x20000020   Data           1  .\objects\stm32f4xx_hal.o(.data)
    SystemCoreClock                          0x20000024   Data           4  .\objects\system_stm32f4xx.o(.data)
    time                                     0x20000028   Data         100  .\objects\main.o(.bss)
    sec                                      0x2000008c   Data          20  .\objects\main.o(.bss)
    min                                      0x200000a0   Data          20  .\objects\main.o(.bss)
    hour                                     0x200000b4   Data          20  .\objects\main.o(.bss)
    __libspace_start                         0x20000118   Data          96  C:\Keil_v5\ARM\ARMCC\Bin\..\lib\armlib\c_w.l(libspace.o)(.bss)
    __temporary_stack_top$libspace           0x20000178   Data           0  C:\Keil_v5\ARM\ARMCC\Bin\..\lib\armlib\c_w.l(libspace.o)(.bss)



==============================================================================

Memory Map of the image

  Image Entry point : 0x08000189

  Load Region LR_IROM1 (Base: 0x08000000, Size: 0x00003814, Max: 0x00100000, ABSOLUTE)

    Execution Region ER_IROM1 (Exec base: 0x08000000, Load base: 0x08000000, Size: 0x000037ec, Max: 0x00100000, ABSOLUTE)

    Exec Addr    Load Addr    Size         Type   Attr      Idx    E Section Name        Object

    0x08000000   0x08000000   0x00000188   Data   RO         2050    RESET               .\objects\startup_stm32f407xx.o
    0x08000188   0x08000188   0x00000008   Code   RO         2130  * !!!main             C:\Keil_v5\ARM\ARMCC\Bin\..\lib\armlib\c_w.l(__main.o)
    0x08000190   0x08000190   0x00000034   Code   RO         2308    !!!scatter          C:\Keil_v5\ARM\ARMCC\Bin\..\lib\armlib\c_w.l(__scatter.o)
    0x080001c4   0x080001c4   0x0000001a   Code   RO         2310    !!handler_copy      C:\Keil_v5\ARM\ARMCC\Bin\..\lib\armlib\c_w.l(__scatter_copy.o)
    0x080001de   0x080001de   0x00000002   PAD
    0x080001e0   0x080001e0   0x0000001c   Code   RO         2312    !!handler_zi        C:\Keil_v5\ARM\ARMCC\Bin\..\lib\armlib\c_w.l(__scatter_zi.o)
    0x080001fc   0x080001fc   0x00000000   Code   RO         2125    .ARM.Collect$$_printf_percent$$00000000  C:\Keil_v5\ARM\ARMCC\Bin\..\lib\armlib\c_w.l(_printf_percent.o)
    0x080001fc   0x080001fc   0x00000006   Code   RO         2124    .ARM.Collect$$_printf_percent$$00000009  C:\Keil_v5\ARM\ARMCC\Bin\..\lib\armlib\c_w.l(_printf_d.o)
    0x08000202   0x08000202   0x00000004   Code   RO         2143    .ARM.Collect$$_printf_percent$$00000017  C:\Keil_v5\ARM\ARMCC\Bin\..\lib\armlib\c_w.l(_printf_percent_end.o)
    0x08000206   0x08000206   0x00000002   Code   RO         2176    .ARM.Collect$$libinit$$00000000  C:\Keil_v5\ARM\ARMCC\Bin\..\lib\armlib\c_w.l(libinit.o)
    0x08000208   0x08000208   0x00000004   Code   RO         2188    .ARM.Collect$$libinit$$00000001  C:\Keil_v5\ARM\ARMCC\Bin\..\lib\armlib\c_w.l(libinit2.o)
    0x0800020c   0x0800020c   0x00000000   Code   RO         2191    .ARM.Collect$$libinit$$00000004  C:\Keil_v5\ARM\ARMCC\Bin\..\lib\armlib\c_w.l(libinit2.o)
    0x0800020c   0x0800020c   0x00000000   Code   RO         2194    .ARM.Collect$$libinit$$0000000A  C:\Keil_v5\ARM\ARMCC\Bin\..\lib\armlib\c_w.l(libinit2.o)
    0x0800020c   0x0800020c   0x00000000   Code   RO         2196    .ARM.Collect$$libinit$$0000000C  C:\Keil_v5\ARM\ARMCC\Bin\..\lib\armlib\c_w.l(libinit2.o)
    0x0800020c   0x0800020c   0x00000000   Code   RO         2198    .ARM.Collect$$libinit$$0000000E  C:\Keil_v5\ARM\ARMCC\Bin\..\lib\armlib\c_w.l(libinit2.o)
    0x0800020c   0x0800020c   0x00000000   Code   RO         2201    .ARM.Collect$$libinit$$00000011  C:\Keil_v5\ARM\ARMCC\Bin\..\lib\armlib\c_w.l(libinit2.o)
    0x0800020c   0x0800020c   0x00000000   Code   RO         2203    .ARM.Collect$$libinit$$00000013  C:\Keil_v5\ARM\ARMCC\Bin\..\lib\armlib\c_w.l(libinit2.o)
    0x0800020c   0x0800020c   0x00000000   Code   RO         2205    .ARM.Collect$$libinit$$00000015  C:\Keil_v5\ARM\ARMCC\Bin\..\lib\armlib\c_w.l(libinit2.o)
    0x0800020c   0x0800020c   0x00000000   Code   RO         2207    .ARM.Collect$$libinit$$00000017  C:\Keil_v5\ARM\ARMCC\Bin\..\lib\armlib\c_w.l(libinit2.o)
    0x0800020c   0x0800020c   0x00000000   Code   RO         2209    .ARM.Collect$$libinit$$00000019  C:\Keil_v5\ARM\ARMCC\Bin\..\lib\armlib\c_w.l(libinit2.o)
    0x0800020c   0x0800020c   0x00000000   Code   RO         2211    .ARM.Collect$$libinit$$0000001B  C:\Keil_v5\ARM\ARMCC\Bin\..\lib\armlib\c_w.l(libinit2.o)
    0x0800020c   0x0800020c   0x00000000   Code   RO         2213    .ARM.Collect$$libinit$$0000001D  C:\Keil_v5\ARM\ARMCC\Bin\..\lib\armlib\c_w.l(libinit2.o)
    0x0800020c   0x0800020c   0x00000000   Code   RO         2215    .ARM.Collect$$libinit$$0000001F  C:\Keil_v5\ARM\ARMCC\Bin\..\lib\armlib\c_w.l(libinit2.o)
    0x0800020c   0x0800020c   0x00000000   Code   RO         2217    .ARM.Collect$$libinit$$00000021  C:\Keil_v5\ARM\ARMCC\Bin\..\lib\armlib\c_w.l(libinit2.o)
    0x0800020c   0x0800020c   0x00000000   Code   RO         2219    .ARM.Collect$$libinit$$00000023  C:\Keil_v5\ARM\ARMCC\Bin\..\lib\armlib\c_w.l(libinit2.o)
    0x0800020c   0x0800020c   0x00000000   Code   RO         2221    .ARM.Collect$$libinit$$00000025  C:\Keil_v5\ARM\ARMCC\Bin\..\lib\armlib\c_w.l(libinit2.o)
    0x0800020c   0x0800020c   0x00000000   Code   RO         2225    .ARM.Collect$$libinit$$0000002C  C:\Keil_v5\ARM\ARMCC\Bin\..\lib\armlib\c_w.l(libinit2.o)
    0x0800020c   0x0800020c   0x00000000   Code   RO         2227    .ARM.Collect$$libinit$$0000002E  C:\Keil_v5\ARM\ARMCC\Bin\..\lib\armlib\c_w.l(libinit2.o)
    0x0800020c   0x0800020c   0x00000000   Code   RO         2229    .ARM.Collect$$libinit$$00000030  C:\Keil_v5\ARM\ARMCC\Bin\..\lib\armlib\c_w.l(libinit2.o)
    0x0800020c   0x0800020c   0x00000000   Code   RO         2231    .ARM.Collect$$libinit$$00000032  C:\Keil_v5\ARM\ARMCC\Bin\..\lib\armlib\c_w.l(libinit2.o)
    0x0800020c   0x0800020c   0x00000002   Code   RO         2232    .ARM.Collect$$libinit$$00000033  C:\Keil_v5\ARM\ARMCC\Bin\..\lib\armlib\c_w.l(libinit2.o)
    0x0800020e   0x0800020e   0x00000002   Code   RO         2263    .ARM.Collect$$libshutdown$$00000000  C:\Keil_v5\ARM\ARMCC\Bin\..\lib\armlib\c_w.l(libshutdown.o)
    0x08000210   0x08000210   0x00000000   Code   RO         2289    .ARM.Collect$$libshutdown$$00000002  C:\Keil_v5\ARM\ARMCC\Bin\..\lib\armlib\c_w.l(libshutdown2.o)
    0x08000210   0x08000210   0x00000000   Code   RO         2291    .ARM.Collect$$libshutdown$$00000004  C:\Keil_v5\ARM\ARMCC\Bin\..\lib\armlib\c_w.l(libshutdown2.o)
    0x08000210   0x08000210   0x00000000   Code   RO         2293    .ARM.Collect$$libshutdown$$00000006  C:\Keil_v5\ARM\ARMCC\Bin\..\lib\armlib\c_w.l(libshutdown2.o)
    0x08000210   0x08000210   0x00000000   Code   RO         2296    .ARM.Collect$$libshutdown$$00000009  C:\Keil_v5\ARM\ARMCC\Bin\..\lib\armlib\c_w.l(libshutdown2.o)
    0x08000210   0x08000210   0x00000000   Code   RO         2299    .ARM.Collect$$libshutdown$$0000000C  C:\Keil_v5\ARM\ARMCC\Bin\..\lib\armlib\c_w.l(libshutdown2.o)
    0x08000210   0x08000210   0x00000000   Code   RO         2301    .ARM.Collect$$libshutdown$$0000000E  C:\Keil_v5\ARM\ARMCC\Bin\..\lib\armlib\c_w.l(libshutdown2.o)
    0x08000210   0x08000210   0x00000000   Code   RO         2304    .ARM.Collect$$libshutdown$$00000011  C:\Keil_v5\ARM\ARMCC\Bin\..\lib\armlib\c_w.l(libshutdown2.o)
    0x08000210   0x08000210   0x00000002   Code   RO         2305    .ARM.Collect$$libshutdown$$00000012  C:\Keil_v5\ARM\ARMCC\Bin\..\lib\armlib\c_w.l(libshutdown2.o)
    0x08000212   0x08000212   0x00000000   Code   RO         2132    .ARM.Collect$$rtentry$$00000000  C:\Keil_v5\ARM\ARMCC\Bin\..\lib\armlib\c_w.l(__rtentry.o)
    0x08000212   0x08000212   0x00000000   Code   RO         2145    .ARM.Collect$$rtentry$$00000002  C:\Keil_v5\ARM\ARMCC\Bin\..\lib\armlib\c_w.l(__rtentry2.o)
    0x08000212   0x08000212   0x00000006   Code   RO         2157    .ARM.Collect$$rtentry$$00000004  C:\Keil_v5\ARM\ARMCC\Bin\..\lib\armlib\c_w.l(__rtentry4.o)
    0x08000218   0x08000218   0x00000000   Code   RO         2147    .ARM.Collect$$rtentry$$00000009  C:\Keil_v5\ARM\ARMCC\Bin\..\lib\armlib\c_w.l(__rtentry2.o)
    0x08000218   0x08000218   0x00000004   Code   RO         2148    .ARM.Collect$$rtentry$$0000000A  C:\Keil_v5\ARM\ARMCC\Bin\..\lib\armlib\c_w.l(__rtentry2.o)
    0x0800021c   0x0800021c   0x00000000   Code   RO         2150    .ARM.Collect$$rtentry$$0000000C  C:\Keil_v5\ARM\ARMCC\Bin\..\lib\armlib\c_w.l(__rtentry2.o)
    0x0800021c   0x0800021c   0x00000008   Code   RO         2151    .ARM.Collect$$rtentry$$0000000D  C:\Keil_v5\ARM\ARMCC\Bin\..\lib\armlib\c_w.l(__rtentry2.o)
    0x08000224   0x08000224   0x00000002   Code   RO         2180    .ARM.Collect$$rtexit$$00000000  C:\Keil_v5\ARM\ARMCC\Bin\..\lib\armlib\c_w.l(rtexit.o)
    0x08000226   0x08000226   0x00000000   Code   RO         2236    .ARM.Collect$$rtexit$$00000002  C:\Keil_v5\ARM\ARMCC\Bin\..\lib\armlib\c_w.l(rtexit2.o)
    0x08000226   0x08000226   0x00000004   Code   RO         2237    .ARM.Collect$$rtexit$$00000003  C:\Keil_v5\ARM\ARMCC\Bin\..\lib\armlib\c_w.l(rtexit2.o)
    0x0800022a   0x0800022a   0x00000006   Code   RO         2238    .ARM.Collect$$rtexit$$00000004  C:\Keil_v5\ARM\ARMCC\Bin\..\lib\armlib\c_w.l(rtexit2.o)
    0x08000230   0x08000230   0x00000040   Code   RO         2051    .text               .\objects\startup_stm32f407xx.o
    0x08000270   0x08000270   0x000000ee   Code   RO         2094    .text               C:\Keil_v5\ARM\ARMCC\Bin\..\lib\armlib\c_w.l(lludivv7m.o)
    0x0800035e   0x0800035e   0x00000002   PAD
    0x08000360   0x08000360   0x00000028   Code   RO         2098    .text               C:\Keil_v5\ARM\ARMCC\Bin\..\lib\armlib\c_w.l(noretval__2sprintf.o)
    0x08000388   0x08000388   0x00000078   Code   RO         2102    .text               C:\Keil_v5\ARM\ARMCC\Bin\..\lib\armlib\c_w.l(_printf_dec.o)
    0x08000400   0x08000400   0x0000010e   Code   RO         2112    .text               C:\Keil_v5\ARM\ARMCC\Bin\..\lib\armlib\c_w.l(__printf_wp.o)
    0x0800050e   0x0800050e   0x0000004e   Code   RO         2126    .text               C:\Keil_v5\ARM\ARMCC\Bin\..\lib\armlib\c_w.l(rt_memclr_w.o)
    0x0800055c   0x0800055c   0x00000006   Code   RO         2128    .text               C:\Keil_v5\ARM\ARMCC\Bin\..\lib\armlib\c_w.l(heapauxi.o)
    0x08000562   0x08000562   0x000000b2   Code   RO         2137    .text               C:\Keil_v5\ARM\ARMCC\Bin\..\lib\armlib\c_w.l(_printf_intcommon.o)
    0x08000614   0x08000614   0x00000030   Code   RO         2139    .text               C:\Keil_v5\ARM\ARMCC\Bin\..\lib\armlib\c_w.l(_printf_char_common.o)
    0x08000644   0x08000644   0x0000000a   Code   RO         2141    .text               C:\Keil_v5\ARM\ARMCC\Bin\..\lib\armlib\c_w.l(_sputc.o)
    0x0800064e   0x0800064e   0x0000004a   Code   RO         2163    .text               C:\Keil_v5\ARM\ARMCC\Bin\..\lib\armlib\c_w.l(sys_stackheap_outer.o)
    0x08000698   0x08000698   0x00000012   Code   RO         2165    .text               C:\Keil_v5\ARM\ARMCC\Bin\..\lib\armlib\c_w.l(exit.o)
    0x080006aa   0x080006aa   0x00000002   PAD
    0x080006ac   0x080006ac   0x00000008   Code   RO         2177    .text               C:\Keil_v5\ARM\ARMCC\Bin\..\lib\armlib\c_w.l(libspace.o)
    0x080006b4   0x080006b4   0x0000000c   Code   RO         2233    .text               C:\Keil_v5\ARM\ARMCC\Bin\..\lib\armlib\c_w.l(sys_exit.o)
    0x080006c0   0x080006c0   0x00000002   Code   RO         2252    .text               C:\Keil_v5\ARM\ARMCC\Bin\..\lib\armlib\c_w.l(use_no_semi.o)
    0x080006c2   0x080006c2   0x00000000   Code   RO         2254    .text               C:\Keil_v5\ARM\ARMCC\Bin\..\lib\armlib\c_w.l(indicate_semi.o)
    0x080006c2   0x080006c2   0x00000004   Code   RO            4    i.Error_Handler     .\objects\main.o
    0x080006c6   0x080006c6   0x00000002   PAD
    0x080006c8   0x080006c8   0x00000048   Code   RO         1933    i.FSMC_NORSRAM_Extended_Timing_Init  .\objects\stm32f4xx_ll_fsmc.o
    0x08000710   0x08000710   0x0000005c   Code   RO         1934    i.FSMC_NORSRAM_Init  .\objects\stm32f4xx_ll_fsmc.o
    0x0800076c   0x0800076c   0x00000044   Code   RO         1935    i.FSMC_NORSRAM_Timing_Init  .\objects\stm32f4xx_ll_fsmc.o
    0x080007b0   0x080007b0   0x0000003c   Code   RO          195    i.GLCD_ClearScreen  .\objects\glcd_mcbstm32f400.o
    0x080007ec   0x080007ec   0x000000d0   Code   RO          198    i.GLCD_DrawChar     .\objects\glcd_mcbstm32f400.o
    0x080008bc   0x080008bc   0x0000002c   Code   RO          202    i.GLCD_DrawString   .\objects\glcd_mcbstm32f400.o
    0x080008e8   0x080008e8   0x00000734   Code   RO          206    i.GLCD_Initialize   .\objects\glcd_mcbstm32f400.o
    0x0800101c   0x0800101c   0x00000010   Code   RO          207    i.GLCD_SetBackgroundColor  .\objects\glcd_mcbstm32f400.o
    0x0800102c   0x0800102c   0x00000010   Code   RO          208    i.GLCD_SetFont      .\objects\glcd_mcbstm32f400.o
    0x0800103c   0x0800103c   0x00000010   Code   RO          209    i.GLCD_SetForegroundColor  .\objects\glcd_mcbstm32f400.o
    0x0800104c   0x0800104c   0x000000ac   Code   RO          210    i.GLCD_SetWindow    .\objects\glcd_mcbstm32f400.o
    0x080010f8   0x080010f8   0x00000028   Code   RO          354    i.HAL_Delay         .\objects\stm32f4xx_hal.o
    0x08001120   0x08001120   0x00000200   Code   RO         1046    i.HAL_GPIO_Init     .\objects\stm32f4xx_hal_gpio.o
    0x08001320   0x08001320   0x0000000c   Code   RO         1050    i.HAL_GPIO_WritePin  .\objects\stm32f4xx_hal_gpio.o
    0x0800132c   0x0800132c   0x0000000c   Code   RO          360    i.HAL_GetTick       .\objects\stm32f4xx_hal.o
    0x08001338   0x08001338   0x00000018   Code   RO          366    i.HAL_IncTick       .\objects\stm32f4xx_hal.o
    0x08001350   0x08001350   0x0000003c   Code   RO          367    i.HAL_Init          .\objects\stm32f4xx_hal.o
    0x0800138c   0x0800138c   0x0000004c   Code   RO          368    i.HAL_InitTick      .\objects\stm32f4xx_hal.o
    0x080013d8   0x080013d8   0x00000002   Code   RO          370    i.HAL_MspInit       .\objects\stm32f4xx_hal.o
    0x080013da   0x080013da   0x0000007c   Code   RO          544    i.HAL_NVIC_SetPriority  .\objects\stm32f4xx_hal_cortex.o
    0x08001456   0x08001456   0x00000002   PAD
    0x08001458   0x08001458   0x00000028   Code   RO          545    i.HAL_NVIC_SetPriorityGrouping  .\objects\stm32f4xx_hal_cortex.o
    0x08001480   0x08001480   0x00000184   Code   RO         1284    i.HAL_RCC_ClockConfig  .\objects\stm32f4xx_hal_rcc.o
    0x08001604   0x08001604   0x000000b0   Code   RO         1293    i.HAL_RCC_GetSysClockFreq  .\objects\stm32f4xx_hal_rcc.o
    0x080016b4   0x080016b4   0x00000488   Code   RO         1296    i.HAL_RCC_OscConfig  .\objects\stm32f4xx_hal_rcc.o
    0x08001b3c   0x08001b3c   0x00000058   Code   RO         1809    i.HAL_SRAM_Init     .\objects\stm32f4xx_hal_sram.o
    0x08001b94   0x08001b94   0x00000002   Code   RO         1811    i.HAL_SRAM_MspInit  .\objects\stm32f4xx_hal_sram.o
    0x08001b96   0x08001b96   0x00000002   Code   RO          548    i.HAL_SYSTICK_Callback  .\objects\stm32f4xx_hal_cortex.o
    0x08001b98   0x08001b98   0x00000034   Code   RO          549    i.HAL_SYSTICK_Config  .\objects\stm32f4xx_hal_cortex.o
    0x08001bcc   0x08001bcc   0x00000008   Code   RO          550    i.HAL_SYSTICK_IRQHandler  .\objects\stm32f4xx_hal_cortex.o
    0x08001bd4   0x08001bd4   0x0000000c   Code   RO            5    i.SysTick_Handler   .\objects\main.o
    0x08001be0   0x08001be0   0x00000098   Code   RO            6    i.SystemClock_Config  .\objects\main.o
    0x08001c78   0x08001c78   0x00000064   Code   RO         2059    i.SystemInit        .\objects\system_stm32f4xx.o
    0x08001cdc   0x08001cdc   0x00000104   Code   RO            7    i.TIM2_IRQHandler   .\objects\main.o
    0x08001de0   0x08001de0   0x00000050   Code   RO            8    i.TIM2_Initialize   .\objects\main.o
    0x08001e30   0x08001e30   0x00000010   Code   RO          551    i.__NVIC_GetPriorityGrouping  .\objects\stm32f4xx_hal_cortex.o
    0x08001e40   0x08001e40   0x00000028   Code   RO          552    i.__NVIC_SetPriority  .\objects\stm32f4xx_hal_cortex.o
    0x08001e68   0x08001e68   0x0000000e   Code   RO         2114    i._is_digit         C:\Keil_v5\ARM\ARMCC\Bin\..\lib\armlib\c_w.l(__printf_wp.o)
    0x08001e76   0x08001e76   0x00000002   PAD
    0x08001e78   0x08001e78   0x00000064   Code   RO            9    i.main              .\objects\main.o
    0x08001edc   0x08001edc   0x00000008   Code   RO          213    i.wr_cmd            .\objects\glcd_mcbstm32f400.o
    0x08001ee4   0x08001ee4   0x00000008   Code   RO          214    i.wr_dat            .\objects\glcd_mcbstm32f400.o
    0x08001eec   0x08001eec   0x00000008   Code   RO          215    i.wr_dat_only       .\objects\glcd_mcbstm32f400.o
    0x08001ef4   0x08001ef4   0x00000014   Code   RO          216    i.wr_reg            .\objects\glcd_mcbstm32f400.o
    0x08001f08   0x08001f08   0x0000000a   Code   RO         2248    x$fpl$fpinit        C:\Keil_v5\ARM\ARMCC\Bin\..\lib\armlib\fz_wm.l(fpinit.o)
    0x08001f12   0x08001f12   0x00000002   PAD
    0x08001f14   0x08001f14   0x000018a0   Data   RO          183    .constdata          .\objects\glcd_fonts.o
    0x080037b4   0x080037b4   0x00000018   Data   RO         2060    .constdata          .\objects\system_stm32f4xx.o
    0x080037cc   0x080037cc   0x00000020   Data   RO         2306    Region$$Table       anon$$obj.o


    Execution Region RW_IRAM1 (Exec base: 0x20000000, Load base: 0x080037ec, Size: 0x00000778, Max: 0x00020000, ABSOLUTE)

    Exec Addr    Load Addr    Size         Type   Attr      Idx    E Section Name        Object

    0x20000000   0x080037ec   0x0000000c   Data   RW           11    .data               .\objects\main.o
    0x2000000c   0x080037f8   0x00000009   Data   RW          218    .data               .\objects\glcd_mcbstm32f400.o
    0x20000015   0x08003801   0x00000003   PAD
    0x20000018   0x08003804   0x00000009   Data   RW          374    .data               .\objects\stm32f4xx_hal.o
    0x20000021   0x0800380d   0x00000003   PAD
    0x20000024   0x08003810   0x00000004   Data   RW         2061    .data               .\objects\system_stm32f4xx.o
    0x20000028        -       0x000000a0   Zero   RW           10    .bss                .\objects\main.o
    0x200000c8        -       0x00000050   Zero   RW          217    .bss                .\objects\glcd_mcbstm32f400.o
    0x20000118        -       0x00000060   Zero   RW         2178    .bss                C:\Keil_v5\ARM\ARMCC\Bin\..\lib\armlib\c_w.l(libspace.o)
    0x20000178        -       0x00000200   Zero   RW         2049    HEAP                .\objects\startup_stm32f407xx.o
    0x20000378        -       0x00000400   Zero   RW         2048    STACK               .\objects\startup_stm32f407xx.o


==============================================================================

Image component sizes


      Code (inc. data)   RO Data    RW Data    ZI Data      Debug   Object Name

         0          0       6304          0          0        868   .\objects\glcd_fonts.o
      2420         90          0          9         80      11690   .\objects\glcd_mcbstm32f400.o
       608         96          0         12        160     696199   .\objects\main.o
        64         26        392          0       1536        888   .\objects\startup_stm32f407xx.o
       214         36          0          9          0      10699   .\objects\stm32f4xx_hal.o
       282         22          0          0          0      35534   .\objects\stm32f4xx_hal_cortex.o
       524         46          0          0          0       2628   .\objects\stm32f4xx_hal_gpio.o
      1724         58          0          0          0       4300   .\objects\stm32f4xx_hal_rcc.o
        90          0          0          0          0       2091   .\objects\stm32f4xx_hal_sram.o
       232         10          0          0          0       3139   .\objects\stm32f4xx_ll_fsmc.o
       100         18         24          4          0       1447   .\objects\system_stm32f4xx.o

    ----------------------------------------------------------------------
      6262        402       6752         40       1776     769483   Object Totals
         0          0         32          0          0          0   (incl. Generated)
         4          0          0          6          0          0   (incl. Padding)

    ----------------------------------------------------------------------

      Code (inc. data)   RO Data    RW Data    ZI Data      Debug   Library Member Name

         8          0          0          0          0         68   C:\Keil_v5\ARM\ARMCC\Bin\..\lib\armlib\c_w.l(__main.o)
       284          0          0          0          0        156   C:\Keil_v5\ARM\ARMCC\Bin\..\lib\armlib\c_w.l(__printf_wp.o)
         0          0          0          0          0          0   C:\Keil_v5\ARM\ARMCC\Bin\..\lib\armlib\c_w.l(__rtentry.o)
        12          0          0          0          0          0   C:\Keil_v5\ARM\ARMCC\Bin\..\lib\armlib\c_w.l(__rtentry2.o)
         6          0          0          0          0          0   C:\Keil_v5\ARM\ARMCC\Bin\..\lib\armlib\c_w.l(__rtentry4.o)
        52          8          0          0          0          0   C:\Keil_v5\ARM\ARMCC\Bin\..\lib\armlib\c_w.l(__scatter.o)
        26          0          0          0          0          0   C:\Keil_v5\ARM\ARMCC\Bin\..\lib\armlib\c_w.l(__scatter_copy.o)
        28          0          0          0          0          0   C:\Keil_v5\ARM\ARMCC\Bin\..\lib\armlib\c_w.l(__scatter_zi.o)
        48          6          0          0          0         96   C:\Keil_v5\ARM\ARMCC\Bin\..\lib\armlib\c_w.l(_printf_char_common.o)
         6          0          0          0          0          0   C:\Keil_v5\ARM\ARMCC\Bin\..\lib\armlib\c_w.l(_printf_d.o)
       120         16          0          0          0         92   C:\Keil_v5\ARM\ARMCC\Bin\..\lib\armlib\c_w.l(_printf_dec.o)
       178          0          0          0          0         88   C:\Keil_v5\ARM\ARMCC\Bin\..\lib\armlib\c_w.l(_printf_intcommon.o)
         0          0          0          0          0          0   C:\Keil_v5\ARM\ARMCC\Bin\..\lib\armlib\c_w.l(_printf_percent.o)
         4          0          0          0          0          0   C:\Keil_v5\ARM\ARMCC\Bin\..\lib\armlib\c_w.l(_printf_percent_end.o)
        10          0          0          0          0         68   C:\Keil_v5\ARM\ARMCC\Bin\..\lib\armlib\c_w.l(_sputc.o)
        18          0          0          0          0         80   C:\Keil_v5\ARM\ARMCC\Bin\..\lib\armlib\c_w.l(exit.o)
         6          0          0          0          0        152   C:\Keil_v5\ARM\ARMCC\Bin\..\lib\armlib\c_w.l(heapauxi.o)
         0          0          0          0          0          0   C:\Keil_v5\ARM\ARMCC\Bin\..\lib\armlib\c_w.l(indicate_semi.o)
         2          0          0          0          0          0   C:\Keil_v5\ARM\ARMCC\Bin\..\lib\armlib\c_w.l(libinit.o)
         6          0          0          0          0          0   C:\Keil_v5\ARM\ARMCC\Bin\..\lib\armlib\c_w.l(libinit2.o)
         2          0          0          0          0          0   C:\Keil_v5\ARM\ARMCC\Bin\..\lib\armlib\c_w.l(libshutdown.o)
         2          0          0          0          0          0   C:\Keil_v5\ARM\ARMCC\Bin\..\lib\armlib\c_w.l(libshutdown2.o)
         8          4          0          0         96         68   C:\Keil_v5\ARM\ARMCC\Bin\..\lib\armlib\c_w.l(libspace.o)
       238          0          0          0          0        100   C:\Keil_v5\ARM\ARMCC\Bin\..\lib\armlib\c_w.l(lludivv7m.o)
        40          6          0          0          0         84   C:\Keil_v5\ARM\ARMCC\Bin\..\lib\armlib\c_w.l(noretval__2sprintf.o)
        78          0          0          0          0         80   C:\Keil_v5\ARM\ARMCC\Bin\..\lib\armlib\c_w.l(rt_memclr_w.o)
         2          0          0          0          0          0   C:\Keil_v5\ARM\ARMCC\Bin\..\lib\armlib\c_w.l(rtexit.o)
        10          0          0          0          0          0   C:\Keil_v5\ARM\ARMCC\Bin\..\lib\armlib\c_w.l(rtexit2.o)
        12          4          0          0          0         68   C:\Keil_v5\ARM\ARMCC\Bin\..\lib\armlib\c_w.l(sys_exit.o)
        74          0          0          0          0         80   C:\Keil_v5\ARM\ARMCC\Bin\..\lib\armlib\c_w.l(sys_stackheap_outer.o)
         2          0          0          0          0         68   C:\Keil_v5\ARM\ARMCC\Bin\..\lib\armlib\c_w.l(use_no_semi.o)
        10          0          0          0          0        116   C:\Keil_v5\ARM\ARMCC\Bin\..\lib\armlib\fz_wm.l(fpinit.o)

    ----------------------------------------------------------------------
      1302         44          0          0         96       1464   Library Totals
        10          0          0          0          0          0   (incl. Padding)

    ----------------------------------------------------------------------

      Code (inc. data)   RO Data    RW Data    ZI Data      Debug   Library Name

      1282         44          0          0         96       1348   C:\Keil_v5\ARM\ARMCC\Bin\..\lib\armlib\c_w.l
        10          0          0          0          0        116   C:\Keil_v5\ARM\ARMCC\Bin\..\lib\armlib\fz_wm.l

    ----------------------------------------------------------------------
      1302         44          0          0         96       1464   Library Totals

    ----------------------------------------------------------------------

==============================================================================


      Code (inc. data)   RO Data    RW Data    ZI Data      Debug   

      7564        446       6752         40       1872     766523   Grand Totals
      7564        446       6752         40       1872     766523   ELF Image Totals
      7564        446       6752         40          0          0   ROM Totals

==============================================================================

    Total RO  Size (Code + RO Data)                14316 (  13.98kB)
    Total RW  Size (RW Data + ZI Data)              1912 (   1.87kB)
    Total ROM Size (Code + RO Data + RW Data)      14356 (  14.02kB)

==============================================================================

